Archive member included to satisfy reference by file (symbol)

c:/ac6/systemworkbench/plugins/fr.ac6.mcu.externaltools.arm-none.win32_1.17.0.201812190825/tools/compiler/bin/../lib/gcc/arm-none-eabi/7.3.1/thumb/v6-m\libgcc.a(_udivsi3.o)
                              Drivers/STM32F0xx_HAL_Driver/Src/stm32f0xx_hal.o (__aeabi_uidiv)
c:/ac6/systemworkbench/plugins/fr.ac6.mcu.externaltools.arm-none.win32_1.17.0.201812190825/tools/compiler/bin/../lib/gcc/arm-none-eabi/7.3.1/thumb/v6-m\libgcc.a(_dvmd_tls.o)
                              c:/ac6/systemworkbench/plugins/fr.ac6.mcu.externaltools.arm-none.win32_1.17.0.201812190825/tools/compiler/bin/../lib/gcc/arm-none-eabi/7.3.1/thumb/v6-m\libgcc.a(_udivsi3.o) (__aeabi_idiv0)
c:/ac6/systemworkbench/plugins/fr.ac6.mcu.externaltools.arm-none.win32_1.17.0.201812190825/tools/compiler/bin/../lib/gcc/arm-none-eabi/7.3.1/../../../../arm-none-eabi/lib/thumb/v6-m\libc_nano.a(lib_a-errno.o)
                              Src/syscalls.o (__errno)
c:/ac6/systemworkbench/plugins/fr.ac6.mcu.externaltools.arm-none.win32_1.17.0.201812190825/tools/compiler/bin/../lib/gcc/arm-none-eabi/7.3.1/../../../../arm-none-eabi/lib/thumb/v6-m\libc_nano.a(lib_a-exit.o)
                              c:/ac6/systemworkbench/plugins/fr.ac6.mcu.externaltools.arm-none.win32_1.17.0.201812190825/tools/compiler/bin/../lib/gcc/arm-none-eabi/7.3.1/../../../../arm-none-eabi/lib/thumb/v6-m/crt0.o (exit)
c:/ac6/systemworkbench/plugins/fr.ac6.mcu.externaltools.arm-none.win32_1.17.0.201812190825/tools/compiler/bin/../lib/gcc/arm-none-eabi/7.3.1/../../../../arm-none-eabi/lib/thumb/v6-m\libc_nano.a(lib_a-impure.o)
                              c:/ac6/systemworkbench/plugins/fr.ac6.mcu.externaltools.arm-none.win32_1.17.0.201812190825/tools/compiler/bin/../lib/gcc/arm-none-eabi/7.3.1/../../../../arm-none-eabi/lib/thumb/v6-m\libc_nano.a(lib_a-exit.o) (_global_impure_ptr)
c:/ac6/systemworkbench/plugins/fr.ac6.mcu.externaltools.arm-none.win32_1.17.0.201812190825/tools/compiler/bin/../lib/gcc/arm-none-eabi/7.3.1/../../../../arm-none-eabi/lib/thumb/v6-m\libc_nano.a(lib_a-init.o)
                              c:/ac6/systemworkbench/plugins/fr.ac6.mcu.externaltools.arm-none.win32_1.17.0.201812190825/tools/compiler/bin/../lib/gcc/arm-none-eabi/7.3.1/../../../../arm-none-eabi/lib/thumb/v6-m/crt0.o (__libc_init_array)
c:/ac6/systemworkbench/plugins/fr.ac6.mcu.externaltools.arm-none.win32_1.17.0.201812190825/tools/compiler/bin/../lib/gcc/arm-none-eabi/7.3.1/../../../../arm-none-eabi/lib/thumb/v6-m\libc_nano.a(lib_a-memcpy-stub.o)
                              Middlewares/Third_Party/FreeRTOS/Source/queue.o (memcpy)
c:/ac6/systemworkbench/plugins/fr.ac6.mcu.externaltools.arm-none.win32_1.17.0.201812190825/tools/compiler/bin/../lib/gcc/arm-none-eabi/7.3.1/../../../../arm-none-eabi/lib/thumb/v6-m\libc_nano.a(lib_a-memset.o)
                              c:/ac6/systemworkbench/plugins/fr.ac6.mcu.externaltools.arm-none.win32_1.17.0.201812190825/tools/compiler/bin/../lib/gcc/arm-none-eabi/7.3.1/../../../../arm-none-eabi/lib/thumb/v6-m/crt0.o (memset)
c:/ac6/systemworkbench/plugins/fr.ac6.mcu.externaltools.arm-none.win32_1.17.0.201812190825/tools/compiler/bin/../lib/gcc/arm-none-eabi/7.3.1/../../../../arm-none-eabi/lib/thumb/v6-m\libc_nano.a(lib_a-strstr.o)
                              Src/Sensor/sensor.o (strstr)

Allocating common symbols
Common symbol       size              file

motorHandle         0x4               Src/main.o
hdma_usart2_rx      0x44              Src/main.o
rx_buffer_gps       0x19              Src/Sensor/sensor.o
my_test_read        0x2d0             Src/Sensor/sensor.o
uwTick              0x4               Drivers/STM32F0xx_HAL_Driver/Src/stm32f0xx_hal.o
xQueueRegistry      0x40              Middlewares/Third_Party/FreeRTOS/Source/queue.o
pFlash              0x20              Drivers/STM32F0xx_HAL_Driver/Src/stm32f0xx_hal_flash.o
htim3               0x40              Src/stm32f0xx_hal_timebase_tim.o
PIR_IOTHandle       0x4               Src/main.o
GPS_ValueHandle     0x4               Src/main.o
huart2              0x70              Src/main.o
uart_checkHandle    0x4               Src/main.o
sensorHandle        0x4               Src/main.o

Discarded input sections

 .text          0x00000000        0x0 c:/ac6/systemworkbench/plugins/fr.ac6.mcu.externaltools.arm-none.win32_1.17.0.201812190825/tools/compiler/bin/../lib/gcc/arm-none-eabi/7.3.1/thumb/v6-m/crti.o
 .data          0x00000000        0x0 c:/ac6/systemworkbench/plugins/fr.ac6.mcu.externaltools.arm-none.win32_1.17.0.201812190825/tools/compiler/bin/../lib/gcc/arm-none-eabi/7.3.1/thumb/v6-m/crti.o
 .bss           0x00000000        0x0 c:/ac6/systemworkbench/plugins/fr.ac6.mcu.externaltools.arm-none.win32_1.17.0.201812190825/tools/compiler/bin/../lib/gcc/arm-none-eabi/7.3.1/thumb/v6-m/crti.o
[...]
Memory Configuration

Name             Origin             Length             Attributes
RAM              0x20000000         0x00002000         xrw
FLASH            0x08000000         0x00010000         xr
*default*        0x00000000         0xffffffff

Linker script and memory map

LOAD c:/ac6/systemworkbench/plugins/fr.ac6.mcu.externaltools.arm-none.win32_1.17.0.201812190825/tools/compiler/bin/../lib/gcc/arm-none-eabi/7.3.1/thumb/v6-m/crti.o
LOAD c:/ac6/systemworkbench/plugins/fr.ac6.mcu.externaltools.arm-none.win32_1.17.0.201812190825/tools/compiler/bin/../lib/gcc/arm-none-eabi/7.3.1/thumb/v6-m/crtbegin.o
LOAD c:/ac6/systemworkbench/plugins/fr.ac6.mcu.externaltools.arm-none.win32_1.17.0.201812190825/tools/compiler/bin/../lib/gcc/arm-none-eabi/7.3.1/../../../../arm-none-eabi/lib/thumb/v6-m/crt0.o
LOAD Drivers/STM32F0xx_HAL_Driver/Src/stm32f0xx_hal.o
LOAD Drivers/STM32F0xx_HAL_Driver/Src/stm32f0xx_hal_cortex.o
LOAD Drivers/STM32F0xx_HAL_Driver/Src/stm32f0xx_hal_dma.o
LOAD Drivers/STM32F0xx_HAL_Driver/Src/stm32f0xx_hal_flash.o
LOAD Drivers/STM32F0xx_HAL_Driver/Src/stm32f0xx_hal_flash_ex.o
LOAD Drivers/STM32F0xx_HAL_Driver/Src/stm32f0xx_hal_gpio.o
LOAD Drivers/STM32F0xx_HAL_Driver/Src/stm32f0xx_hal_i2c.o
LOAD Drivers/STM32F0xx_HAL_Driver/Src/stm32f0xx_hal_i2c_ex.o
LOAD Drivers/STM32F0xx_HAL_Driver/Src/stm32f0xx_hal_pwr.o
LOAD Drivers/STM32F0xx_HAL_Driver/Src/stm32f0xx_hal_pwr_ex.o
LOAD Drivers/STM32F0xx_HAL_Driver/Src/stm32f0xx_hal_rcc.o
LOAD Drivers/STM32F0xx_HAL_Driver/Src/stm32f0xx_hal_rcc_ex.o
LOAD Drivers/STM32F0xx_HAL_Driver/Src/stm32f0xx_hal_tim.o
LOAD Drivers/STM32F0xx_HAL_Driver/Src/stm32f0xx_hal_tim_ex.o
LOAD Drivers/STM32F0xx_HAL_Driver/Src/stm32f0xx_hal_uart.o
LOAD Drivers/STM32F0xx_HAL_Driver/Src/stm32f0xx_hal_uart_ex.o
LOAD Middlewares/Third_Party/FreeRTOS/Source/CMSIS_RTOS/cmsis_os.o
LOAD Middlewares/Third_Party/FreeRTOS/Source/croutine.o
LOAD Middlewares/Third_Party/FreeRTOS/Source/event_groups.o
LOAD Middlewares/Third_Party/FreeRTOS/Source/list.o
LOAD Middlewares/Third_Party/FreeRTOS/Source/queue.o
LOAD Middlewares/Third_Party/FreeRTOS/Source/tasks.o
LOAD Middlewares/Third_Party/FreeRTOS/Source/timers.o
LOAD Middlewares/Third_Party/FreeRTOS/Source/portable/GCC/ARM_CM0/port.o
LOAD Middlewares/Third_Party/FreeRTOS/Source/portable/MemMang/heap_4.o
LOAD Src/Sensor/sensor.o
LOAD Src/flash/my_flash.o
LOAD Src/freertos.o
LOAD Src/main.o
LOAD Src/stm32f0xx_hal_msp.o
LOAD Src/stm32f0xx_hal_timebase_tim.o
LOAD Src/stm32f0xx_it.o
LOAD Src/syscalls.o
LOAD Src/system_stm32f0xx.o
LOAD Src/user.o
LOAD startup/startup_stm32f030x8.o
LOAD c:/ac6/systemworkbench/plugins/fr.ac6.mcu.externaltools.arm-none.win32_1.17.0.201812190825/tools/compiler/bin/../lib/gcc/arm-none-eabi/7.3.1/../../../../arm-none-eabi/lib/thumb/v6-m\libm.a
START GROUP
LOAD c:/ac6/systemworkbench/plugins/fr.ac6.mcu.externaltools.arm-none.win32_1.17.0.201812190825/tools/compiler/bin/../lib/gcc/arm-none-eabi/7.3.1/thumb/v6-m\libgcc.a
LOAD c:/ac6/systemworkbench/plugins/fr.ac6.mcu.externaltools.arm-none.win32_1.17.0.201812190825/tools/compiler/bin/../lib/gcc/arm-none-eabi/7.3.1/../../../../arm-none-eabi/lib/thumb/v6-m\libc_nano.a
END GROUP
START GROUP
LOAD c:/ac6/systemworkbench/plugins/fr.ac6.mcu.externaltools.arm-none.win32_1.17.0.201812190825/tools/compiler/bin/../lib/gcc/arm-none-eabi/7.3.1/thumb/v6-m\libgcc.a
LOAD c:/ac6/systemworkbench/plugins/fr.ac6.mcu.externaltools.arm-none.win32_1.17.0.201812190825/tools/compiler/bin/../lib/gcc/arm-none-eabi/7.3.1/../../../../arm-none-eabi/lib/thumb/v6-m\libc_nano.a
LOAD c:/ac6/systemworkbench/plugins/fr.ac6.mcu.externaltools.arm-none.win32_1.17.0.201812190825/tools/compiler/bin/../lib/gcc/arm-none-eabi/7.3.1/../../../../arm-none-eabi/lib/thumb/v6-m\libnosys.a
END GROUP
START GROUP
LOAD c:/ac6/systemworkbench/plugins/fr.ac6.mcu.externaltools.arm-none.win32_1.17.0.201812190825/tools/compiler/bin/../lib/gcc/arm-none-eabi/7.3.1/thumb/v6-m\libgcc.a
LOAD c:/ac6/systemworkbench/plugins/fr.ac6.mcu.externaltools.arm-none.win32_1.17.0.201812190825/tools/compiler/bin/../lib/gcc/arm-none-eabi/7.3.1/../../../../arm-none-eabi/lib/thumb/v6-m\libc_nano.a
LOAD c:/ac6/systemworkbench/plugins/fr.ac6.mcu.externaltools.arm-none.win32_1.17.0.201812190825/tools/compiler/bin/../lib/gcc/arm-none-eabi/7.3.1/../../../../arm-none-eabi/lib/thumb/v6-m\libnosys.a
END GROUP
LOAD c:/ac6/systemworkbench/plugins/fr.ac6.mcu.externaltools.arm-none.win32_1.17.0.201812190825/tools/compiler/bin/../lib/gcc/arm-none-eabi/7.3.1/thumb/v6-m/crtend.o
LOAD c:/ac6/systemworkbench/plugins/fr.ac6.mcu.externaltools.arm-none.win32_1.17.0.201812190825/tools/compiler/bin/../lib/gcc/arm-none-eabi/7.3.1/thumb/v6-m/crtn.o
                0x20002000                _estack = 0x20002000
                0x00000200                _Min_Heap_Size = 0x200
                0x00000400                _Min_Stack_Size = 0x400

.isr_vector     0x08000000       0xc0
                0x08000000                . = ALIGN (0x4)
 *(.isr_vector)
 .isr_vector    0x08000000       0xc0 startup/startup_stm32f030x8.o
                0x08000000                g_pfnVectors
                0x080000c0                . = ALIGN (0x4)

.text           0x080000c0     0x2fa4
                0x080000c0                . = ALIGN (0x4)
 *(.text)
 .text          0x080000c0       0x48 c:/ac6/systemworkbench/plugins/fr.ac6.mcu.externaltools.arm-none.win32_1.17.0.201812190825/tools/compiler/bin/../lib/gcc/arm-none-eabi/7.3.1/thumb/v6-m/crtbegin.o
 .text          0x08000108      0x114 c:/ac6/systemworkbench/plugins/fr.ac6.mcu.externaltools.arm-none.win32_1.17.0.201812190825/tools/compiler/bin/../lib/gcc/arm-none-eabi/7.3.1/thumb/v6-m\libgcc.a(_udivsi3.o)
                0x08000108                __aeabi_uidiv
                0x08000108                __udivsi3
                0x08000214                __aeabi_uidivmod
 .text          0x0800021c        0x4 c:/ac6/systemworkbench/plugins/fr.ac6.mcu.externaltools.arm-none.win32_1.17.0.201812190825/tools/compiler/bin/../lib/gcc/arm-none-eabi/7.3.1/thumb/v6-m\libgcc.a(_dvmd_tls.o)
                0x0800021c                __aeabi_idiv0
                0x0800021c                __aeabi_ldiv0
 *(.text*)
 .text.HAL_Init
                0x08000220       0x20 Drivers/STM32F0xx_HAL_Driver/Src/stm32f0xx_hal.o
                0x08000220                HAL_Init
 .text.HAL_IncTick
                0x08000240       0x10 Drivers/STM32F0xx_HAL_Driver/Src/stm32f0xx_hal.o
                0x08000240                HAL_IncTick
 .text.HAL_GetTick
                0x08000250        0xc Drivers/STM32F0xx_HAL_Driver/Src/stm32f0xx_hal.o
                0x08000250                HAL_GetTick
 .text.HAL_NVIC_SetPriority
                0x0800025c       0x60 Drivers/STM32F0xx_HAL_Driver/Src/stm32f0xx_hal_cortex.o
                0x0800025c                HAL_NVIC_SetPriority
 .text.HAL_NVIC_EnableIRQ
                0x080002bc       0x14 Drivers/STM32F0xx_HAL_Driver/Src/stm32f0xx_hal_cortex.o
                0x080002bc                HAL_NVIC_EnableIRQ
 .text.DMA_SetConfig
                0x080002d0       0x2a Drivers/STM32F0xx_HAL_Driver/Src/stm32f0xx_hal_dma.o
 *fill*         0x080002fa        0x2 
 .text.DMA_CalcBaseAndBitshift
                0x080002fc       0x28 Drivers/STM32F0xx_HAL_Driver/Src/stm32f0xx_hal_dma.o
 .text.HAL_DMA_Init
                0x08000324       0x58 Drivers/STM32F0xx_HAL_Driver/Src/stm32f0xx_hal_dma.o
                0x08000324                HAL_DMA_Init
 .text.HAL_DMA_Start_IT
                0x0800037c       0x76 Drivers/STM32F0xx_HAL_Driver/Src/stm32f0xx_hal_dma.o
                0x0800037c                HAL_DMA_Start_IT
 .text.HAL_DMA_IRQHandler
                0x080003f2       0xaa Drivers/STM32F0xx_HAL_Driver/Src/stm32f0xx_hal_dma.o
                0x080003f2                HAL_DMA_IRQHandler
 .text.FLASH_Program_HalfWord
                0x0800049c       0x20 Drivers/STM32F0xx_HAL_Driver/Src/stm32f0xx_hal_flash.o
 .text.FLASH_SetErrorCode
                0x080004bc       0x3c Drivers/STM32F0xx_HAL_Driver/Src/stm32f0xx_hal_flash.o
 .text.HAL_FLASH_Unlock
                0x080004f8       0x30 Drivers/STM32F0xx_HAL_Driver/Src/stm32f0xx_hal_flash.o
                0x080004f8                HAL_FLASH_Unlock
 .text.HAL_FLASH_Lock
                0x08000528       0x14 Drivers/STM32F0xx_HAL_Driver/Src/stm32f0xx_hal_flash.o
                0x08000528                HAL_FLASH_Lock
 .text.FLASH_WaitForLastOperation
                0x0800053c       0x5c Drivers/STM32F0xx_HAL_Driver/Src/stm32f0xx_hal_flash.o
                0x0800053c                FLASH_WaitForLastOperation
 .text.HAL_FLASH_Program
                0x08000598       0xa0 Drivers/STM32F0xx_HAL_Driver/Src/stm32f0xx_hal_flash.o
                0x08000598                HAL_FLASH_Program
 .text.FLASH_MassErase
                0x08000638       0x24 Drivers/STM32F0xx_HAL_Driver/Src/stm32f0xx_hal_flash_ex.o
 .text.FLASH_PageErase
                0x0800065c       0x24 Drivers/STM32F0xx_HAL_Driver/Src/stm32f0xx_hal_flash_ex.o
                0x0800065c                FLASH_PageErase
 .text.HAL_FLASHEx_Erase
                0x08000680       0xa4 Drivers/STM32F0xx_HAL_Driver/Src/stm32f0xx_hal_flash_ex.o
                0x08000680                HAL_FLASHEx_Erase
 .text.HAL_GPIO_Init
                0x08000724      0x18c Drivers/STM32F0xx_HAL_Driver/Src/stm32f0xx_hal_gpio.o
                0x08000724                HAL_GPIO_Init
 .text.HAL_GPIO_ReadPin
                0x080008b0        0xe Drivers/STM32F0xx_HAL_Driver/Src/stm32f0xx_hal_gpio.o
                0x080008b0                HAL_GPIO_ReadPin
 .text.HAL_GPIO_WritePin
                0x080008be        0xc Drivers/STM32F0xx_HAL_Driver/Src/stm32f0xx_hal_gpio.o
                0x080008be                HAL_GPIO_WritePin
 .text.HAL_GPIO_TogglePin
                0x080008ca        0x8 Drivers/STM32F0xx_HAL_Driver/Src/stm32f0xx_hal_gpio.o
                0x080008ca                HAL_GPIO_TogglePin
 .text.HAL_GPIO_EXTI_Callback
                0x080008d2        0x2 Drivers/STM32F0xx_HAL_Driver/Src/stm32f0xx_hal_gpio.o
                0x080008d2                HAL_GPIO_EXTI_Callback
 .text.HAL_GPIO_EXTI_IRQHandler
                0x080008d4       0x1c Drivers/STM32F0xx_HAL_Driver/Src/stm32f0xx_hal_gpio.o
                0x080008d4                HAL_GPIO_EXTI_IRQHandler
 .text.HAL_RCC_OscConfig
                0x080008f0      0x454 Drivers/STM32F0xx_HAL_Driver/Src/stm32f0xx_hal_rcc.o
                0x080008f0                HAL_RCC_OscConfig
 .text.HAL_RCC_GetSysClockFreq
                0x08000d44       0x70 Drivers/STM32F0xx_HAL_Driver/Src/stm32f0xx_hal_rcc.o
                0x08000d44                HAL_RCC_GetSysClockFreq
 .text.HAL_RCC_ClockConfig
                0x08000db4      0x154 Drivers/STM32F0xx_HAL_Driver/Src/stm32f0xx_hal_rcc.o
                0x08000db4                HAL_RCC_ClockConfig
 .text.HAL_RCC_GetHCLKFreq
                0x08000f08        0xc Drivers/STM32F0xx_HAL_Driver/Src/stm32f0xx_hal_rcc.o
                0x08000f08                HAL_RCC_GetHCLKFreq
 .text.HAL_RCC_GetPCLK1Freq
                0x08000f14       0x20 Drivers/STM32F0xx_HAL_Driver/Src/stm32f0xx_hal_rcc.o
                0x08000f14                HAL_RCC_GetPCLK1Freq
 .text.HAL_RCC_GetClockConfig
                0x08000f34       0x38 Drivers/STM32F0xx_HAL_Driver/Src/stm32f0xx_hal_rcc.o
                0x08000f34                HAL_RCC_GetClockConfig
 .text.HAL_TIM_Base_MspInit
                0x08000f6c        0x2 Drivers/STM32F0xx_HAL_Driver/Src/stm32f0xx_hal_tim.o
                0x08000f6c                HAL_TIM_Base_MspInit
 .text.HAL_TIM_Base_Start_IT
                0x08000f6e       0x16 Drivers/STM32F0xx_HAL_Driver/Src/stm32f0xx_hal_tim.o
                0x08000f6e                HAL_TIM_Base_Start_IT
 .text.HAL_TIM_OC_DelayElapsedCallback
                0x08000f84        0x2 Drivers/STM32F0xx_HAL_Driver/Src/stm32f0xx_hal_tim.o
                0x08000f84                HAL_TIM_OC_DelayElapsedCallback
 .text.HAL_TIM_IC_CaptureCallback
                0x08000f86        0x2 Drivers/STM32F0xx_HAL_Driver/Src/stm32f0xx_hal_tim.o
                0x08000f86                HAL_TIM_IC_CaptureCallback
 .text.HAL_TIM_PWM_PulseFinishedCallback
                0x08000f88        0x2 Drivers/STM32F0xx_HAL_Driver/Src/stm32f0xx_hal_tim.o
                0x08000f88                HAL_TIM_PWM_PulseFinishedCallback
 .text.HAL_TIM_TriggerCallback
                0x08000f8a        0x2 Drivers/STM32F0xx_HAL_Driver/Src/stm32f0xx_hal_tim.o
                0x08000f8a                HAL_TIM_TriggerCallback
 .text.HAL_TIM_IRQHandler
                0x08000f8c      0x15a Drivers/STM32F0xx_HAL_Driver/Src/stm32f0xx_hal_tim.o
                0x08000f8c                HAL_TIM_IRQHandler
 *fill*         0x080010e6        0x2 
 .text.TIM_Base_SetConfig
                0x080010e8       0x94 Drivers/STM32F0xx_HAL_Driver/Src/stm32f0xx_hal_tim.o
                0x080010e8                TIM_Base_SetConfig
 .text.HAL_TIM_Base_Init
                0x0800117c       0x34 Drivers/STM32F0xx_HAL_Driver/Src/stm32f0xx_hal_tim.o
                0x0800117c                HAL_TIM_Base_Init
 .text.HAL_TIMEx_CommutationCallback
                0x080011b0        0x2 Drivers/STM32F0xx_HAL_Driver/Src/stm32f0xx_hal_tim_ex.o
                0x080011b0                HAL_TIMEx_CommutationCallback
 .text.HAL_TIMEx_BreakCallback
                0x080011b2        0x2 Drivers/STM32F0xx_HAL_Driver/Src/stm32f0xx_hal_tim_ex.o
                0x080011b2                HAL_TIMEx_BreakCallback
 .text.UART_EndTxTransfer
                0x080011b4       0x12 Drivers/STM32F0xx_HAL_Driver/Src/stm32f0xx_hal_uart.o
 *fill*         0x080011c6        0x2 
 .text.UART_EndRxTransfer
                0x080011c8       0x24 Drivers/STM32F0xx_HAL_Driver/Src/stm32f0xx_hal_uart.o
 .text.HAL_UART_Receive_DMA
                0x080011ec       0xb0 Drivers/STM32F0xx_HAL_Driver/Src/stm32f0xx_hal_uart.o
                0x080011ec                HAL_UART_Receive_DMA
 .text.UART_DMAReceiveCplt
                0x0800129c       0x44 Drivers/STM32F0xx_HAL_Driver/Src/stm32f0xx_hal_uart.o
 .text.HAL_UART_RxHalfCpltCallback
                0x080012e0        0x2 Drivers/STM32F0xx_HAL_Driver/Src/stm32f0xx_hal_uart.o
                0x080012e0                HAL_UART_RxHalfCpltCallback
 .text.UART_DMARxHalfCplt
                0x080012e2        0xa Drivers/STM32F0xx_HAL_Driver/Src/stm32f0xx_hal_uart.o
 .text.HAL_UART_ErrorCallback
                0x080012ec        0x2 Drivers/STM32F0xx_HAL_Driver/Src/stm32f0xx_hal_uart.o
                0x080012ec                HAL_UART_ErrorCallback
 .text.UART_DMAError
                0x080012ee       0x50 Drivers/STM32F0xx_HAL_Driver/Src/stm32f0xx_hal_uart.o
 *fill*         0x0800133e        0x2 
 .text.UART_SetConfig
                0x08001340      0x1b8 Drivers/STM32F0xx_HAL_Driver/Src/stm32f0xx_hal_uart.o
                0x08001340                UART_SetConfig
 .text.UART_AdvFeatureConfig
                0x080014f8       0xe0 Drivers/STM32F0xx_HAL_Driver/Src/stm32f0xx_hal_uart.o
                0x080014f8                UART_AdvFeatureConfig
 .text.UART_CheckIdleState
                0x080015d8       0x16 Drivers/STM32F0xx_HAL_Driver/Src/stm32f0xx_hal_uart.o
                0x080015d8                UART_CheckIdleState
 *fill*         0x080015ee        0x2 
 .text.HAL_UART_Init
                0x080015f0       0x70 Drivers/STM32F0xx_HAL_Driver/Src/stm32f0xx_hal_uart.o
                0x080015f0                HAL_UART_Init
 .text.UART_WaitOnFlagUntilTimeout
                0x08001660       0x6c Drivers/STM32F0xx_HAL_Driver/Src/stm32f0xx_hal_uart.o
                0x08001660                UART_WaitOnFlagUntilTimeout
 .text.HAL_UART_Transmit
                0x080016cc       0xe2 Drivers/STM32F0xx_HAL_Driver/Src/stm32f0xx_hal_uart.o
                0x080016cc                HAL_UART_Transmit
 .text.makeFreeRtosPriority
                0x080017ae        0xc Middlewares/Third_Party/FreeRTOS/Source/CMSIS_RTOS/cmsis_os.o
 .text.osKernelStart
                0x080017ba        0xa Middlewares/Third_Party/FreeRTOS/Source/CMSIS_RTOS/cmsis_os.o
                0x080017ba                osKernelStart
 .text.osThreadCreate
                0x080017c4       0x34 Middlewares/Third_Party/FreeRTOS/Source/CMSIS_RTOS/cmsis_os.o
                0x080017c4                osThreadCreate
 .text.osDelay  0x080017f8       0x10 Middlewares/Third_Party/FreeRTOS/Source/CMSIS_RTOS/cmsis_os.o
                0x080017f8                osDelay
 .text.osSemaphoreCreate
                0x08001808       0x26 Middlewares/Third_Party/FreeRTOS/Source/CMSIS_RTOS/cmsis_os.o
                0x08001808                osSemaphoreCreate
 .text.vListInitialise
                0x0800182e       0x16 Middlewares/Third_Party/FreeRTOS/Source/list.o
                0x0800182e                vListInitialise
 .text.vListInitialiseItem
                0x08001844        0x6 Middlewares/Third_Party/FreeRTOS/Source/list.o
                0x08001844                vListInitialiseItem
 .text.vListInsertEnd
                0x0800184a       0x18 Middlewares/Third_Party/FreeRTOS/Source/list.o
                0x0800184a                vListInsertEnd
 .text.vListInsert
                0x08001862       0x30 Middlewares/Third_Party/FreeRTOS/Source/list.o
                0x08001862                vListInsert
 .text.uxListRemove
                0x08001892       0x26 Middlewares/Third_Party/FreeRTOS/Source/list.o
                0x08001892                uxListRemove
 .text.prvIsQueueFull
                0x080018b8       0x1e Middlewares/Third_Party/FreeRTOS/Source/queue.o
 .text.prvCopyDataToQueue
                0x080018d6       0x82 Middlewares/Third_Party/FreeRTOS/Source/queue.o
 .text.prvUnlockQueue
                0x08001958       0x72 Middlewares/Third_Party/FreeRTOS/Source/queue.o
 .text.xQueueGenericReset
                0x080019ca       0x6e Middlewares/Third_Party/FreeRTOS/Source/queue.o
                0x080019ca                xQueueGenericReset
 .text.prvInitialiseNewQueue
                0x08001a38       0x1c Middlewares/Third_Party/FreeRTOS/Source/queue.o
 .text.xQueueGenericCreate
                0x08001a54       0x3e Middlewares/Third_Party/FreeRTOS/Source/queue.o
                0x08001a54                xQueueGenericCreate
 .text.xQueueGenericSend
                0x08001a92      0x12a Middlewares/Third_Party/FreeRTOS/Source/queue.o
                0x08001a92                xQueueGenericSend
 .text.prvTaskIsTaskSuspended
                0x08001bbc       0x30 Middlewares/Third_Party/FreeRTOS/Source/tasks.o
 .text.prvResetNextTaskUnblockTime
                0x08001bec       0x28 Middlewares/Third_Party/FreeRTOS/Source/tasks.o
 .text.prvDeleteTCB
                0x08001c14       0x12 Middlewares/Third_Party/FreeRTOS/Source/tasks.o
 *fill*         0x08001c26        0x2 
 .text.prvInitialiseNewTask
                0x08001c28       0x88 Middlewares/Third_Party/FreeRTOS/Source/tasks.o
 .text.prvInitialiseTaskLists
                0x08001cb0       0x54 Middlewares/Third_Party/FreeRTOS/Source/tasks.o
 .text.prvAddNewTaskToReadyList
                0x08001d04       0x94 Middlewares/Third_Party/FreeRTOS/Source/tasks.o
 .text.prvAddCurrentTaskToDelayedList
                0x08001d98       0x64 Middlewares/Third_Party/FreeRTOS/Source/tasks.o
 .text.xTaskCreate
                0x08001dfc       0x60 Middlewares/Third_Party/FreeRTOS/Source/tasks.o
                0x08001dfc                xTaskCreate
 .text.xTaskResumeFromISR
                0x08001e5c       0x84 Middlewares/Third_Party/FreeRTOS/Source/tasks.o
                0x08001e5c                xTaskResumeFromISR
 .text.vTaskStartScheduler
                0x08001ee0       0x54 Middlewares/Third_Party/FreeRTOS/Source/tasks.o
                0x08001ee0                vTaskStartScheduler
 .text.vTaskSuspendAll
                0x08001f34       0x10 Middlewares/Third_Party/FreeRTOS/Source/tasks.o
                0x08001f34                vTaskSuspendAll
 .text.xTaskIncrementTick
                0x08001f44       0xf0 Middlewares/Third_Party/FreeRTOS/Source/tasks.o
                0x08001f44                xTaskIncrementTick
 .text.xTaskResumeAll
                0x08002034       0xd4 Middlewares/Third_Party/FreeRTOS/Source/tasks.o
                0x08002034                xTaskResumeAll
 .text.vTaskDelay
                0x08002108       0x30 Middlewares/Third_Party/FreeRTOS/Source/tasks.o
                0x08002108                vTaskDelay
 .text.prvCheckTasksWaitingTermination
                0x08002138       0x50 Middlewares/Third_Party/FreeRTOS/Source/tasks.o
 .text.prvIdleTask
                0x08002188       0x18 Middlewares/Third_Party/FreeRTOS/Source/tasks.o
 .text.vTaskSwitchContext
                0x080021a0       0x9c Middlewares/Third_Party/FreeRTOS/Source/tasks.o
                0x080021a0                vTaskSwitchContext
 .text.vTaskSuspend
                0x0800223c       0x90 Middlewares/Third_Party/FreeRTOS/Source/tasks.o
                0x0800223c                vTaskSuspend
 .text.vTaskPlaceOnEventList
                0x080022cc       0x24 Middlewares/Third_Party/FreeRTOS/Source/tasks.o
                0x080022cc                vTaskPlaceOnEventList
 .text.xTaskRemoveFromEventList
                0x080022f0       0x78 Middlewares/Third_Party/FreeRTOS/Source/tasks.o
                0x080022f0                xTaskRemoveFromEventList
 .text.vTaskSetTimeOutState
                0x08002368       0x18 Middlewares/Third_Party/FreeRTOS/Source/tasks.o
                0x08002368                vTaskSetTimeOutState
 .text.xTaskCheckForTimeOut
                0x08002380       0x64 Middlewares/Third_Party/FreeRTOS/Source/tasks.o
                0x08002380                xTaskCheckForTimeOut
 .text.vTaskMissedYield
                0x080023e4        0xc Middlewares/Third_Party/FreeRTOS/Source/tasks.o
                0x080023e4                vTaskMissedYield
 .text.xTaskGetSchedulerState
                0x080023f0       0x24 Middlewares/Third_Party/FreeRTOS/Source/tasks.o
                0x080023f0                xTaskGetSchedulerState
 .text.xTaskPriorityDisinherit
                0x08002414       0x74 Middlewares/Third_Party/FreeRTOS/Source/tasks.o
                0x08002414                xTaskPriorityDisinherit
 .text.prvTaskExitError
                0x08002488       0x14 Middlewares/Third_Party/FreeRTOS/Source/portable/GCC/ARM_CM0/port.o
 *fill*         0x0800249c        0x4 
 .text.vPortStartFirstTask
                0x080024a0       0x34 Middlewares/Third_Party/FreeRTOS/Source/portable/GCC/ARM_CM0/port.o
 .text.pxPortInitialiseStack
                0x080024d4       0x20 Middlewares/Third_Party/FreeRTOS/Source/portable/GCC/ARM_CM0/port.o
                0x080024d4                pxPortInitialiseStack
 .text.SVC_Handler
                0x080024f4        0x2 Middlewares/Third_Party/FreeRTOS/Source/portable/GCC/ARM_CM0/port.o
                0x080024f4                SVC_Handler
 *fill*         0x080024f6        0x2 
 .text.vPortYield
                0x080024f8       0x18 Middlewares/Third_Party/FreeRTOS/Source/portable/GCC/ARM_CM0/port.o
                0x080024f8                vPortYield
 .text.vPortEnterCritical
                0x08002510       0x18 Middlewares/Third_Party/FreeRTOS/Source/portable/GCC/ARM_CM0/port.o
                0x08002510                vPortEnterCritical
 .text.vPortExitCritical
                0x08002528       0x20 Middlewares/Third_Party/FreeRTOS/Source/portable/GCC/ARM_CM0/port.o
                0x08002528                vPortExitCritical
 .text.ulSetInterruptMaskFromISR
                0x08002548        0xa Middlewares/Third_Party/FreeRTOS/Source/portable/GCC/ARM_CM0/port.o
                0x08002548                ulSetInterruptMaskFromISR
 .text.vClearInterruptMaskFromISR
                0x08002552        0x6 Middlewares/Third_Party/FreeRTOS/Source/portable/GCC/ARM_CM0/port.o
                0x08002552                vClearInterruptMaskFromISR
 *fill*         0x08002558        0x8 
 .text.PendSV_Handler
                0x08002560       0x44 Middlewares/Third_Party/FreeRTOS/Source/portable/GCC/ARM_CM0/port.o
                0x08002560                PendSV_Handler
 .text.SysTick_Handler
                0x080025a4       0x24 Middlewares/Third_Party/FreeRTOS/Source/portable/GCC/ARM_CM0/port.o
                0x080025a4                SysTick_Handler
 .text.vPortSetupTimerInterrupt
                0x080025c8       0x28 Middlewares/Third_Party/FreeRTOS/Source/portable/GCC/ARM_CM0/port.o
                0x080025c8                vPortSetupTimerInterrupt
 .text.xPortStartScheduler
                0x080025f0       0x34 Middlewares/Third_Party/FreeRTOS/Source/portable/GCC/ARM_CM0/port.o
                0x080025f0                xPortStartScheduler
 .text.prvHeapInit
                0x08002624       0x50 Middlewares/Third_Party/FreeRTOS/Source/portable/MemMang/heap_4.o
 .text.prvInsertBlockIntoFreeList
                0x08002674       0x50 Middlewares/Third_Party/FreeRTOS/Source/portable/MemMang/heap_4.o
 .text.pvPortMalloc
                0x080026c4       0xc8 Middlewares/Third_Party/FreeRTOS/Source/portable/MemMang/heap_4.o
                0x080026c4                pvPortMalloc
 .text.vPortFree
                0x0800278c       0x50 Middlewares/Third_Party/FreeRTOS/Source/portable/MemMang/heap_4.o
                0x0800278c                vPortFree
 .text.gps_valuereceive
                0x080027dc       0x18 Src/Sensor/sensor.o
                0x080027dc                gps_valuereceive
 .text.message_handle
                0x080027f4       0x78 Src/Sensor/sensor.o
                0x080027f4                message_handle
 .text.HAL_UART_RxCpltCallback
                0x0800286c       0x98 Src/Sensor/sensor.o
                0x0800286c                HAL_UART_RxCpltCallback
 .text.revert_state
                0x08002904       0x3c Src/Sensor/sensor.o
                0x08002904                revert_state
 .text.MY_FLASH_SetSectorAddrs
                0x08002940        0xc Src/flash/my_flash.o
                0x08002940                MY_FLASH_SetSectorAddrs
 .text.MY_FLASH_WriteN
                0x0800294c       0x7c Src/flash/my_flash.o
                0x0800294c                MY_FLASH_WriteN
 .text.MY_FLASH_ReadN
                0x080029c8       0x54 Src/flash/my_flash.o
                0x080029c8                MY_FLASH_ReadN
 .text.vApplicationStackOverflowHook
                0x08002a1c        0x2 Src/freertos.o
                0x08002a1c                vApplicationStackOverflowHook
 *fill*         0x08002a1e        0x2 
 .text.MX_GPIO_Init
                0x08002a20       0x9c Src/main.o
 .text.MX_DMA_Init
                0x08002abc       0x30 Src/main.o
 .text.MX_USART2_UART_Init
                0x08002aec       0x30 Src/main.o
 .text.motor_cyclic
                0x08002b1c        0x8 Src/main.o
                0x08002b1c                motor_cyclic
 .text.sensor_cyclic
                0x08002b24        0x8 Src/main.o
                0x08002b24                sensor_cyclic
 .text.gps_cyclic
                0x08002b2c        0x8 Src/main.o
                0x08002b2c                gps_cyclic
 .text.pir_iot_cyclic
                0x08002b34        0xe Src/main.o
                0x08002b34                pir_iot_cyclic
 .text.SystemClock_Config
                0x08002b42       0x4a Src/main.o
                0x08002b42                SystemClock_Config
 .text.main     0x08002b8c       0xcc Src/main.o
                0x08002b8c                main
 .text.HAL_TIM_PeriodElapsedCallback
                0x08002c58       0x18 Src/main.o
                0x08002c58                HAL_TIM_PeriodElapsedCallback
 .text.Error_Handler
                0x08002c70        0x2 Src/main.o
                0x08002c70                Error_Handler
 *fill*         0x08002c72        0x2 
 .text.EXTI0_1_IRQHandler
                0x08002c74       0x28 Src/main.o
                0x08002c74                EXTI0_1_IRQHandler
 .text.HAL_MspInit
                0x08002c9c       0x3c Src/stm32f0xx_hal_msp.o
                0x08002c9c                HAL_MspInit
 .text.HAL_UART_MspInit
                0x08002cd8       0x98 Src/stm32f0xx_hal_msp.o
                0x08002cd8                HAL_UART_MspInit
 .text.HAL_InitTick
                0x08002d70       0x78 Src/stm32f0xx_hal_timebase_tim.o
                0x08002d70                HAL_InitTick
 .text.NMI_Handler
                0x08002de8        0x2 Src/stm32f0xx_it.o
                0x08002de8                NMI_Handler
 .text.HardFault_Handler
                0x08002dea        0x2 Src/stm32f0xx_it.o
                0x08002dea                HardFault_Handler
 .text.DMA1_Channel4_5_IRQHandler
                0x08002dec       0x10 Src/stm32f0xx_it.o
                0x08002dec                DMA1_Channel4_5_IRQHandler
 .text.TIM3_IRQHandler
                0x08002dfc       0x10 Src/stm32f0xx_it.o
                0x08002dfc                TIM3_IRQHandler
 .text.SystemInit
                0x08002e0c       0x60 Src/system_stm32f0xx.o
                0x08002e0c                SystemInit
 .text.start_init
                0x08002e6c       0x30 Src/user.o
                0x08002e6c                start_init
 .text.motor_cyclic_uart_check
                0x08002e9c       0x2c Src/user.o
                0x08002e9c                motor_cyclic_uart_check
 .text.sensor_cyclic_uart_check
                0x08002ec8       0x34 Src/user.o
                0x08002ec8                sensor_cyclic_uart_check
 .text.gps_cyclic_uart_check
                0x08002efc       0x30 Src/user.o
                0x08002efc                gps_cyclic_uart_check
 .text.pir_iot_cyclic_check
                0x08002f2c       0x30 Src/user.o
                0x08002f2c                pir_iot_cyclic_check
 .text.Reset_Handler
                0x08002f5c       0x50 startup/startup_stm32f030x8.o
                0x08002f5c                Reset_Handler
 .text.Default_Handler
                0x08002fac        0x2 startup/startup_stm32f030x8.o
                0x08002fac                TIM1_CC_IRQHandler
                0x08002fac                TIM6_IRQHandler
                0x08002fac                I2C1_IRQHandler
                0x08002fac                SPI1_IRQHandler
                0x08002fac                EXTI2_3_IRQHandler
                0x08002fac                ADC1_IRQHandler
                0x08002fac                I2C2_IRQHandler
                0x08002fac                TIM17_IRQHandler
                0x08002fac                RTC_IRQHandler
                0x08002fac                TIM16_IRQHandler
                0x08002fac                EXTI4_15_IRQHandler
                0x08002fac                RCC_IRQHandler
                0x08002fac                DMA1_Channel1_IRQHandler
                0x08002fac                Default_Handler
                0x08002fac                TIM14_IRQHandler
                0x08002fac                TIM15_IRQHandler
                0x08002fac                SPI2_IRQHandler
                0x08002fac                WWDG_IRQHandler
                0x08002fac                DMA1_Channel2_3_IRQHandler
                0x08002fac                USART2_IRQHandler
                0x08002fac                FLASH_IRQHandler
                0x08002fac                USART1_IRQHandler
                0x08002fac                TIM1_BRK_UP_TRG_COM_IRQHandler
 *fill*         0x08002fae        0x2 
 .text.__libc_init_array
                0x08002fb0       0x48 c:/ac6/systemworkbench/plugins/fr.ac6.mcu.externaltools.arm-none.win32_1.17.0.201812190825/tools/compiler/bin/../lib/gcc/arm-none-eabi/7.3.1/../../../../arm-none-eabi/lib/thumb/v6-m\libc_nano.a(lib_a-init.o)
                0x08002fb0                __libc_init_array
 .text.memcpy   0x08002ff8       0x12 c:/ac6/systemworkbench/plugins/fr.ac6.mcu.externaltools.arm-none.win32_1.17.0.201812190825/tools/compiler/bin/../lib/gcc/arm-none-eabi/7.3.1/../../../../arm-none-eabi/lib/thumb/v6-m\libc_nano.a(lib_a-memcpy-stub.o)
                0x08002ff8                memcpy
 .text.memset   0x0800300a       0x10 c:/ac6/systemworkbench/plugins/fr.ac6.mcu.externaltools.arm-none.win32_1.17.0.201812190825/tools/compiler/bin/../lib/gcc/arm-none-eabi/7.3.1/../../../../arm-none-eabi/lib/thumb/v6-m\libc_nano.a(lib_a-memset.o)
                0x0800300a                memset
 .text.strstr   0x0800301a       0x32 c:/ac6/systemworkbench/plugins/fr.ac6.mcu.externaltools.arm-none.win32_1.17.0.201812190825/tools/compiler/bin/../lib/gcc/arm-none-eabi/7.3.1/../../../../arm-none-eabi/lib/thumb/v6-m\libc_nano.a(lib_a-strstr.o)
                0x0800301a                strstr
 *(.glue_7)
 .glue_7        0x0800304c        0x0 linker stubs
 *(.glue_7t)
 .glue_7t       0x0800304c        0x0 linker stubs
 *(.eh_frame)
 .eh_frame      0x0800304c        0x0 c:/ac6/systemworkbench/plugins/fr.ac6.mcu.externaltools.arm-none.win32_1.17.0.201812190825/tools/compiler/bin/../lib/gcc/arm-none-eabi/7.3.1/thumb/v6-m/crtbegin.o
 *(.init)
 .init          0x0800304c        0x4 c:/ac6/systemworkbench/plugins/fr.ac6.mcu.externaltools.arm-none.win32_1.17.0.201812190825/tools/compiler/bin/../lib/gcc/arm-none-eabi/7.3.1/thumb/v6-m/crti.o
                0x0800304c                _init
 .init          0x08003050        0x8 c:/ac6/systemworkbench/plugins/fr.ac6.mcu.externaltools.arm-none.win32_1.17.0.201812190825/tools/compiler/bin/../lib/gcc/arm-none-eabi/7.3.1/thumb/v6-m/crtn.o
 *(.fini)
 .fini          0x08003058        0x4 c:/ac6/systemworkbench/plugins/fr.ac6.mcu.externaltools.arm-none.win32_1.17.0.201812190825/tools/compiler/bin/../lib/gcc/arm-none-eabi/7.3.1/thumb/v6-m/crti.o
                0x08003058                _fini
 .fini          0x0800305c        0x8 c:/ac6/systemworkbench/plugins/fr.ac6.mcu.externaltools.arm-none.win32_1.17.0.201812190825/tools/compiler/bin/../lib/gcc/arm-none-eabi/7.3.1/thumb/v6-m/crtn.o
                0x08003064                . = ALIGN (0x4)
                0x08003064                _etext = .

.vfp11_veneer   0x08003064        0x0
 .vfp11_veneer  0x08003064        0x0 linker stubs

.v4_bx          0x08003064        0x0
 .v4_bx         0x08003064        0x0 linker stubs

.iplt           0x08003064        0x0
 .iplt          0x08003064        0x0 c:/ac6/systemworkbench/plugins/fr.ac6.mcu.externaltools.arm-none.win32_1.17.0.201812190825/tools/compiler/bin/../lib/gcc/arm-none-eabi/7.3.1/thumb/v6-m/crtbegin.o

.rodata         0x08003064       0xc4
                0x08003064                . = ALIGN (0x4)
 *(.rodata)
 .rodata        0x08003064       0x20 Drivers/STM32F0xx_HAL_Driver/Src/stm32f0xx_hal_rcc.o
 .rodata        0x08003084       0x50 Src/main.o
 .rodata        0x080030d4       0x18 Src/system_stm32f0xx.o
                0x080030d4                AHBPrescTable
                0x080030e4                APBPrescTable
 *(.rodata*)
 .rodata.str1.4
                0x080030ec        0x5 Middlewares/Third_Party/FreeRTOS/Source/tasks.o
 *fill*         0x080030f1        0x3 
 .rodata.str1.4
                0x080030f4       0x10 Src/Sensor/sensor.o
 .rodata.str1.4
                0x08003104       0x24 Src/main.o
                                 0x22 (size before relaxing)
                0x08003128                . = ALIGN (0x4)

.rel.dyn        0x08003128        0x0
 .rel.iplt      0x08003128        0x0 c:/ac6/systemworkbench/plugins/fr.ac6.mcu.externaltools.arm-none.win32_1.17.0.201812190825/tools/compiler/bin/../lib/gcc/arm-none-eabi/7.3.1/thumb/v6-m/crtbegin.o

.ARM.extab
 *(.ARM.extab* .gnu.linkonce.armextab.*)

.ARM            0x08003128        0x0
                0x08003128                __exidx_start = .
 *(.ARM.exidx*)
                0x08003128                __exidx_end = .

.preinit_array  0x08003128        0x0
                0x08003128                PROVIDE (__preinit_array_start = .)
 *(.preinit_array*)
                0x08003128                PROVIDE (__preinit_array_end = .)

.init_array     0x08003128        0x4
                0x08003128                PROVIDE (__init_array_start = .)
 *(SORT_BY_NAME(.init_array.*))
 *(.init_array*)
 .init_array    0x08003128        0x4 c:/ac6/systemworkbench/plugins/fr.ac6.mcu.externaltools.arm-none.win32_1.17.0.201812190825/tools/compiler/bin/../lib/gcc/arm-none-eabi/7.3.1/thumb/v6-m/crtbegin.o
                0x0800312c                PROVIDE (__init_array_end = .)

.fini_array     0x0800312c        0x4
                [!provide]                PROVIDE (__fini_array_start = .)
 *(SORT_BY_NAME(.fini_array.*))
 *(.fini_array*)
 .fini_array    0x0800312c        0x4 c:/ac6/systemworkbench/plugins/fr.ac6.mcu.externaltools.arm-none.win32_1.17.0.201812190825/tools/compiler/bin/../lib/gcc/arm-none-eabi/7.3.1/thumb/v6-m/crtbegin.o
                [!provide]                PROVIDE (__fini_array_end = .)
                0x08003130                _sidata = LOADADDR (.data)

.data           0x20000000      0x3b0 load address 0x08003130
                0x20000000                . = ALIGN (0x4)
                0x20000000                _sdata = .
 *(.data)
 .data          0x20000000        0x4 Middlewares/Third_Party/FreeRTOS/Source/portable/GCC/ARM_CM0/port.o
 .data          0x20000004      0x33d Src/Sensor/sensor.o
                0x20000004                rxData_ledon
                0x20000024                rxData_ledoz
                0x20000048                rxData_wrong
                0x20000060                my_test_data
                0x20000330                rxData_ledou
 *fill*         0x20000341        0x3 
 .data          0x20000344       0x23 Src/main.o
                0x20000344                txData_start
 *fill*         0x20000367        0x1 
 .data          0x20000368        0x4 Src/system_stm32f0xx.o
                0x20000368                SystemCoreClock
 .data          0x2000036c       0x43 Src/user.o
                0x2000036c                txData_motor
                0x2000037c                txData_sensor
                0x2000038c                txData_gps
                0x2000039c                txData_pir_iot
 *(.data*)
                0x200003b0                . = ALIGN (0x4)
 *fill*         0x200003af        0x1 
                0x200003b0                _edata = .

.igot.plt       0x200003b0        0x0 load address 0x080034e0
 .igot.plt      0x200003b0        0x0 c:/ac6/systemworkbench/plugins/fr.ac6.mcu.externaltools.arm-none.win32_1.17.0.201812190825/tools/compiler/bin/../lib/gcc/arm-none-eabi/7.3.1/thumb/v6-m/crtbegin.o
                0x200003b0                . = ALIGN (0x4)

.bss            0x200003b0     0x1184 load address 0x080034e0
                0x200003b0                _sbss = .
                0x200003b0                __bss_start__ = _sbss
 *(.bss)
 .bss           0x200003b0       0x1c c:/ac6/systemworkbench/plugins/fr.ac6.mcu.externaltools.arm-none.win32_1.17.0.201812190825/tools/compiler/bin/../lib/gcc/arm-none-eabi/7.3.1/thumb/v6-m/crtbegin.o
 .bss           0x200003cc      0x12c Middlewares/Third_Party/FreeRTOS/Source/tasks.o
                0x20000440                pxCurrentTCB
 .bss           0x200004f8      0xc18 Middlewares/Third_Party/FreeRTOS/Source/portable/MemMang/heap_4.o
 .bss           0x20001110        0x1 Src/Sensor/sensor.o
 *fill*         0x20001111        0x3 
 .bss           0x20001114        0x4 Src/flash/my_flash.o
 *(.bss*)
 *(COMMON)
 COMMON         0x20001118        0x4 Drivers/STM32F0xx_HAL_Driver/Src/stm32f0xx_hal.o
                0x20001118                uwTick
 *fill*         0x2000111c        0x4 
 COMMON         0x20001120       0x20 Drivers/STM32F0xx_HAL_Driver/Src/stm32f0xx_hal_flash.o
                0x20001120                pFlash
 COMMON         0x20001140      0x2ec Src/Sensor/sensor.o
                0x20001140                rx_buffer_gps
                0x2000115c                my_test_read
 COMMON         0x2000142c       0xc8 Src/main.o
                0x2000142c                motorHandle
                0x20001430                hdma_usart2_rx
                0x20001474                PIR_IOTHandle
                0x20001478                GPS_ValueHandle
                0x2000147c                huart2
                0x200014ec                uart_checkHandle
                0x200014f0                sensorHandle
 COMMON         0x200014f4       0x40 Src/stm32f0xx_hal_timebase_tim.o
                0x200014f4                htim3
                0x20001534                . = ALIGN (0x4)
                0x20001534                _ebss = .
                0x20001534                __bss_end__ = _ebss

._user_heap_stack
                0x20001534      0x604 load address 0x080034e0
                0x20001538                . = ALIGN (0x8)
 *fill*         0x20001534        0x4 
                0x20001538                PROVIDE (end = .)
                [!provide]                PROVIDE (_end = .)
                0x20001738                . = (. + _Min_Heap_Size)
 *fill*         0x20001538      0x200 
                0x20001b38                . = (. + _Min_Stack_Size)
 *fill*         0x20001738      0x400 
                0x20001b38                . = ALIGN (0x8)

/DISCARD/
 libc.a(*)
 libm.a(*)
 libgcc.a(*)

.ARM.attributes
                0x00000000       0x28
 *(.ARM.attributes)
 .ARM.attributes
                0x00000000       0x1e c:/ac6/systemworkbench/plugins/fr.ac6.mcu.externaltools.arm-none.win32_1.17.0.201812190825/tools/compiler/bin/../lib/gcc/arm-none-eabi/7.3.1/thumb/v6-m/crti.o
 .ARM.attributes
                0x0000001e       0x2c c:/ac6/systemworkbench/plugins/fr.ac6.mcu.externaltools.arm-none.win32_1.17.0.201812190825/tools/compiler/bin/../lib/gcc/arm-none-eabi/7.3.1/thumb/v6-m/crtbegin.o
 .ARM.attributes
                0x0000004a       0x31 Drivers/STM32F0xx_HAL_Driver/Src/stm32f0xx_hal.o
 .ARM.attributes
                0x0000007b       0x31 Drivers/STM32F0xx_HAL_Driver/Src/stm32f0xx_hal_cortex.o
 .ARM.attributes
                0x000000ac       0x31 Drivers/STM32F0xx_HAL_Driver/Src/stm32f0xx_hal_dma.o
 .ARM.attributes
                0x000000dd       0x31 Drivers/STM32F0xx_HAL_Driver/Src/stm32f0xx_hal_flash.o
 .ARM.attributes
                0x0000010e       0x31 Drivers/STM32F0xx_HAL_Driver/Src/stm32f0xx_hal_flash_ex.o
 .ARM.attributes
                0x0000013f       0x31 Drivers/STM32F0xx_HAL_Driver/Src/stm32f0xx_hal_gpio.o
 .ARM.attributes
                0x00000170       0x31 Drivers/STM32F0xx_HAL_Driver/Src/stm32f0xx_hal_rcc.o
 .ARM.attributes
                0x000001a1       0x31 Drivers/STM32F0xx_HAL_Driver/Src/stm32f0xx_hal_tim.o
 .ARM.attributes
                0x000001d2       0x31 Drivers/STM32F0xx_HAL_Driver/Src/stm32f0xx_hal_tim_ex.o
 .ARM.attributes
                0x00000203       0x31 Drivers/STM32F0xx_HAL_Driver/Src/stm32f0xx_hal_uart.o
 .ARM.attributes
                0x00000234       0x31 Middlewares/Third_Party/FreeRTOS/Source/CMSIS_RTOS/cmsis_os.o
 .ARM.attributes
                0x00000265       0x31 Middlewares/Third_Party/FreeRTOS/Source/list.o
 .ARM.attributes
                0x00000296       0x31 Middlewares/Third_Party/FreeRTOS/Source/queue.o
 .ARM.attributes
                0x000002c7       0x31 Middlewares/Third_Party/FreeRTOS/Source/tasks.o
 .ARM.attributes
                0x000002f8       0x31 Middlewares/Third_Party/FreeRTOS/Source/portable/GCC/ARM_CM0/port.o
 .ARM.attributes
                0x00000329       0x31 Middlewares/Third_Party/FreeRTOS/Source/portable/MemMang/heap_4.o
 .ARM.attributes
                0x0000035a       0x31 Src/Sensor/sensor.o
 .ARM.attributes
                0x0000038b       0x31 Src/flash/my_flash.o
 .ARM.attributes
                0x000003bc       0x31 Src/freertos.o
 .ARM.attributes
                0x000003ed       0x31 Src/main.o
 .ARM.attributes
                0x0000041e       0x31 Src/stm32f0xx_hal_msp.o
 .ARM.attributes
                0x0000044f       0x31 Src/stm32f0xx_hal_timebase_tim.o
 .ARM.attributes
                0x00000480       0x31 Src/stm32f0xx_it.o
 .ARM.attributes
                0x000004b1       0x31 Src/system_stm32f0xx.o
 .ARM.attributes
                0x000004e2       0x31 Src/user.o
 .ARM.attributes
                0x00000513       0x21 startup/startup_stm32f030x8.o
 .ARM.attributes
                0x00000534       0x1e c:/ac6/systemworkbench/plugins/fr.ac6.mcu.externaltools.arm-none.win32_1.17.0.201812190825/tools/compiler/bin/../lib/gcc/arm-none-eabi/7.3.1/thumb/v6-m\libgcc.a(_udivsi3.o)
 .ARM.attributes
                0x00000552       0x1e c:/ac6/systemworkbench/plugins/fr.ac6.mcu.externaltools.arm-none.win32_1.17.0.201812190825/tools/compiler/bin/../lib/gcc/arm-none-eabi/7.3.1/thumb/v6-m\libgcc.a(_dvmd_tls.o)
 .ARM.attributes
                0x00000570       0x2c c:/ac6/systemworkbench/plugins/fr.ac6.mcu.externaltools.arm-none.win32_1.17.0.201812190825/tools/compiler/bin/../lib/gcc/arm-none-eabi/7.3.1/../../../../arm-none-eabi/lib/thumb/v6-m\libc_nano.a(lib_a-init.o)
 .ARM.attributes
                0x0000059c       0x2c c:/ac6/systemworkbench/plugins/fr.ac6.mcu.externaltools.arm-none.win32_1.17.0.201812190825/tools/compiler/bin/../lib/gcc/arm-none-eabi/7.3.1/../../../../arm-none-eabi/lib/thumb/v6-m\libc_nano.a(lib_a-memcpy-stub.o)
 .ARM.attributes
                0x000005c8       0x2c c:/ac6/systemworkbench/plugins/fr.ac6.mcu.externaltools.arm-none.win32_1.17.0.201812190825/tools/compiler/bin/../lib/gcc/arm-none-eabi/7.3.1/../../../../arm-none-eabi/lib/thumb/v6-m\libc_nano.a(lib_a-memset.o)
 .ARM.attributes
                0x000005f4       0x2c c:/ac6/systemworkbench/plugins/fr.ac6.mcu.externaltools.arm-none.win32_1.17.0.201812190825/tools/compiler/bin/../lib/gcc/arm-none-eabi/7.3.1/../../../../arm-none-eabi/lib/thumb/v6-m\libc_nano.a(lib_a-strstr.o)
 .ARM.attributes
                0x00000620       0x1e c:/ac6/systemworkbench/plugins/fr.ac6.mcu.externaltools.arm-none.win32_1.17.0.201812190825/tools/compiler/bin/../lib/gcc/arm-none-eabi/7.3.1/thumb/v6-m/crtn.o
OUTPUT(NWER.elf elf32-littlearm)

.debug_info     0x00000000    0x1ed98
 .debug_info    0x00000000      0xe5c Drivers/STM32F0xx_HAL_Driver/Src/stm32f0xx_hal.o
 .debug_info    0x00000e5c      0xfd1 Drivers/STM32F0xx_HAL_Driver/Src/stm32f0xx_hal_cortex.o
 .debug_info    0x00001e2d     0x1028 Drivers/STM32F0xx_HAL_Driver/Src/stm32f0xx_hal_dma.o
 .debug_info    0x00002e55      0xe5f Drivers/STM32F0xx_HAL_Driver/Src/stm32f0xx_hal_flash.o
 .debug_info    0x00003cb4     0x117c Drivers/STM32F0xx_HAL_Driver/Src/stm32f0xx_hal_flash_ex.o
 .debug_info    0x00004e30      0xe60 Drivers/STM32F0xx_HAL_Driver/Src/stm32f0xx_hal_gpio.o
 .debug_info    0x00005c90     0x113e Drivers/STM32F0xx_HAL_Driver/Src/stm32f0xx_hal_rcc.o
 .debug_info    0x00006dce     0x36ed Drivers/STM32F0xx_HAL_Driver/Src/stm32f0xx_hal_tim.o
 .debug_info    0x0000a4bb     0x1a8f Drivers/STM32F0xx_HAL_Driver/Src/stm32f0xx_hal_tim_ex.o
 .debug_info    0x0000bf4a     0x1ff5 Drivers/STM32F0xx_HAL_Driver/Src/stm32f0xx_hal_uart.o
 .debug_info    0x0000df3f     0x2305 Middlewares/Third_Party/FreeRTOS/Source/CMSIS_RTOS/cmsis_os.o
 .debug_info    0x00010244      0xacd Middlewares/Third_Party/FreeRTOS/Source/list.o
 .debug_info    0x00010d11     0x1b16 Middlewares/Third_Party/FreeRTOS/Source/queue.o
 .debug_info    0x00012827     0x23ee Middlewares/Third_Party/FreeRTOS/Source/tasks.o
 .debug_info    0x00014c15      0x2a9 Middlewares/Third_Party/FreeRTOS/Source/portable/GCC/ARM_CM0/port.o
 .debug_info    0x00014ebe      0xba7 Middlewares/Third_Party/FreeRTOS/Source/portable/MemMang/heap_4.o
 .debug_info    0x00015a65     0x129e Src/Sensor/sensor.o
 .debug_info    0x00016d03      0xc57 Src/flash/my_flash.o
 .debug_info    0x0001795a      0x956 Src/freertos.o
 .debug_info    0x000182b0     0x1c6b Src/main.o
 .debug_info    0x00019f1b     0x129f Src/stm32f0xx_hal_msp.o
 .debug_info    0x0001b1ba     0x110f Src/stm32f0xx_hal_timebase_tim.o
 .debug_info    0x0001c2c9      0xe1e Src/stm32f0xx_it.o
 .debug_info    0x0001d0e7      0xa74 Src/system_stm32f0xx.o
 .debug_info    0x0001db5b     0x121b Src/user.o
 .debug_info    0x0001ed76       0x22 startup/startup_stm32f030x8.o

.debug_abbrev   0x00000000     0x434a
 .debug_abbrev  0x00000000      0x2f6 Drivers/STM32F0xx_HAL_Driver/Src/stm32f0xx_hal.o
 .debug_abbrev  0x000002f6      0x328 Drivers/STM32F0xx_HAL_Driver/Src/stm32f0xx_hal_cortex.o
 .debug_abbrev  0x0000061e      0x2d0 Drivers/STM32F0xx_HAL_Driver/Src/stm32f0xx_hal_dma.o
 .debug_abbrev  0x000008ee      0x2fc Drivers/STM32F0xx_HAL_Driver/Src/stm32f0xx_hal_flash.o
 .debug_abbrev  0x00000bea      0x2e7 Drivers/STM32F0xx_HAL_Driver/Src/stm32f0xx_hal_flash_ex.o
 .debug_abbrev  0x00000ed1      0x2a7 Drivers/STM32F0xx_HAL_Driver/Src/stm32f0xx_hal_gpio.o
 .debug_abbrev  0x00001178      0x2ea Drivers/STM32F0xx_HAL_Driver/Src/stm32f0xx_hal_rcc.o
 .debug_abbrev  0x00001462      0x2e0 Drivers/STM32F0xx_HAL_Driver/Src/stm32f0xx_hal_tim.o
 .debug_abbrev  0x00001742      0x2e0 Drivers/STM32F0xx_HAL_Driver/Src/stm32f0xx_hal_tim_ex.o
 .debug_abbrev  0x00001a22      0x2cb Drivers/STM32F0xx_HAL_Driver/Src/stm32f0xx_hal_uart.o
 .debug_abbrev  0x00001ced      0x3be Middlewares/Third_Party/FreeRTOS/Source/CMSIS_RTOS/cmsis_os.o
 .debug_abbrev  0x000020ab      0x21c Middlewares/Third_Party/FreeRTOS/Source/list.o
 .debug_abbrev  0x000022c7      0x2f0 Middlewares/Third_Party/FreeRTOS/Source/queue.o
 .debug_abbrev  0x000025b7      0x32d Middlewares/Third_Party/FreeRTOS/Source/tasks.o
 .debug_abbrev  0x000028e4      0x197 Middlewares/Third_Party/FreeRTOS/Source/portable/GCC/ARM_CM0/port.o
 .debug_abbrev  0x00002a7b      0x2c8 Middlewares/Third_Party/FreeRTOS/Source/portable/MemMang/heap_4.o
 .debug_abbrev  0x00002d43      0x28b Src/Sensor/sensor.o
 .debug_abbrev  0x00002fce      0x2aa Src/flash/my_flash.o
 .debug_abbrev  0x00003278      0x1bb Src/freertos.o
 .debug_abbrev  0x00003433      0x340 Src/main.o
 .debug_abbrev  0x00003773      0x272 Src/stm32f0xx_hal_msp.o
 .debug_abbrev  0x000039e5      0x2aa Src/stm32f0xx_hal_timebase_tim.o
 .debug_abbrev  0x00003c8f      0x221 Src/stm32f0xx_it.o
 .debug_abbrev  0x00003eb0      0x205 Src/system_stm32f0xx.o
 .debug_abbrev  0x000040b5      0x283 Src/user.o
 .debug_abbrev  0x00004338       0x12 startup/startup_stm32f030x8.o

.debug_loc      0x00000000     0xc0bc
 .debug_loc     0x00000000       0x7c Drivers/STM32F0xx_HAL_Driver/Src/stm32f0xx_hal.o
 .debug_loc     0x0000007c      0x393 Drivers/STM32F0xx_HAL_Driver/Src/stm32f0xx_hal_cortex.o
 .debug_loc     0x0000040f      0x7ee Drivers/STM32F0xx_HAL_Driver/Src/stm32f0xx_hal_dma.o
 .debug_loc     0x00000bfd      0x354 Drivers/STM32F0xx_HAL_Driver/Src/stm32f0xx_hal_flash.o
 .debug_loc     0x00000f51      0x6aa Drivers/STM32F0xx_HAL_Driver/Src/stm32f0xx_hal_flash_ex.o
 .debug_loc     0x000015fb      0x2fe Drivers/STM32F0xx_HAL_Driver/Src/stm32f0xx_hal_gpio.o
 .debug_loc     0x000018f9      0x475 Drivers/STM32F0xx_HAL_Driver/Src/stm32f0xx_hal_rcc.o
 .debug_loc     0x00001d6e     0x37c7 Drivers/STM32F0xx_HAL_Driver/Src/stm32f0xx_hal_tim.o
 .debug_loc     0x00005535     0x10f1 Drivers/STM32F0xx_HAL_Driver/Src/stm32f0xx_hal_tim_ex.o
 .debug_loc     0x00006626     0x161b Drivers/STM32F0xx_HAL_Driver/Src/stm32f0xx_hal_uart.o
 .debug_loc     0x00007c41     0x1192 Middlewares/Third_Party/FreeRTOS/Source/CMSIS_RTOS/cmsis_os.o
 .debug_loc     0x00008dd3       0x70 Middlewares/Third_Party/FreeRTOS/Source/list.o
 .debug_loc     0x00008e43     0x1403 Middlewares/Third_Party/FreeRTOS/Source/queue.o
 .debug_loc     0x0000a246     0x15c9 Middlewares/Third_Party/FreeRTOS/Source/tasks.o
 .debug_loc     0x0000b80f       0xa6 Middlewares/Third_Party/FreeRTOS/Source/portable/GCC/ARM_CM0/port.o
 .debug_loc     0x0000b8b5      0x28e Middlewares/Third_Party/FreeRTOS/Source/portable/MemMang/heap_4.o
 .debug_loc     0x0000bb43       0x58 Src/Sensor/sensor.o
 .debug_loc     0x0000bb9b      0x222 Src/flash/my_flash.o
 .debug_loc     0x0000bdbd       0xbe Src/main.o
 .debug_loc     0x0000be7b       0x79 Src/stm32f0xx_hal_msp.o
 .debug_loc     0x0000bef4       0x79 Src/stm32f0xx_hal_timebase_tim.o
 .debug_loc     0x0000bf6d      0x13b Src/system_stm32f0xx.o
 .debug_loc     0x0000c0a8       0x14 Src/user.o

.debug_aranges  0x00000000     0x11d0
 .debug_aranges
                0x00000000       0xb8 Drivers/STM32F0xx_HAL_Driver/Src/stm32f0xx_hal.o
 .debug_aranges
                0x000000b8       0x78 Drivers/STM32F0xx_HAL_Driver/Src/stm32f0xx_hal_cortex.o
 .debug_aranges
                0x00000130       0x88 Drivers/STM32F0xx_HAL_Driver/Src/stm32f0xx_hal_dma.o
 .debug_aranges
                0x000001b8       0x88 Drivers/STM32F0xx_HAL_Driver/Src/stm32f0xx_hal_flash.o
 .debug_aranges
                0x00000240       0x98 Drivers/STM32F0xx_HAL_Driver/Src/stm32f0xx_hal_flash_ex.o
 .debug_aranges
                0x000002d8       0x58 Drivers/STM32F0xx_HAL_Driver/Src/stm32f0xx_hal_gpio.o
 .debug_aranges
                0x00000330       0x80 Drivers/STM32F0xx_HAL_Driver/Src/stm32f0xx_hal_rcc.o
 .debug_aranges
                0x000003b0      0x378 Drivers/STM32F0xx_HAL_Driver/Src/stm32f0xx_hal_tim.o
 .debug_aranges
                0x00000728      0x140 Drivers/STM32F0xx_HAL_Driver/Src/stm32f0xx_hal_tim_ex.o
 .debug_aranges
                0x00000868      0x1d8 Drivers/STM32F0xx_HAL_Driver/Src/stm32f0xx_hal_uart.o
 .debug_aranges
                0x00000a40      0x1d8 Middlewares/Third_Party/FreeRTOS/Source/CMSIS_RTOS/cmsis_os.o
 .debug_aranges
                0x00000c18       0x40 Middlewares/Third_Party/FreeRTOS/Source/list.o
 .debug_aranges
                0x00000c58       0xe0 Middlewares/Third_Party/FreeRTOS/Source/queue.o
 .debug_aranges
                0x00000d38      0x190 Middlewares/Third_Party/FreeRTOS/Source/tasks.o
 .debug_aranges
                0x00000ec8       0x88 Middlewares/Third_Party/FreeRTOS/Source/portable/GCC/ARM_CM0/port.o
 .debug_aranges
                0x00000f50       0x50 Middlewares/Third_Party/FreeRTOS/Source/portable/MemMang/heap_4.o
 .debug_aranges
                0x00000fa0       0x38 Src/Sensor/sensor.o
 .debug_aranges
                0x00000fd8       0x38 Src/flash/my_flash.o
 .debug_aranges
                0x00001010       0x20 Src/freertos.o
 .debug_aranges
                0x00001030       0x78 Src/main.o
 .debug_aranges
                0x000010a8       0x30 Src/stm32f0xx_hal_msp.o
 .debug_aranges
                0x000010d8       0x30 Src/stm32f0xx_hal_timebase_tim.o
 .debug_aranges
                0x00001108       0x38 Src/stm32f0xx_it.o
 .debug_aranges
                0x00001140       0x28 Src/system_stm32f0xx.o
 .debug_aranges
                0x00001168       0x40 Src/user.o
 .debug_aranges
                0x000011a8       0x28 startup/startup_stm32f030x8.o

.debug_ranges   0x00000000     0x11b8
 .debug_ranges  0x00000000       0xa8 Drivers/STM32F0xx_HAL_Driver/Src/stm32f0xx_hal.o
 .debug_ranges  0x000000a8       0xb0 Drivers/STM32F0xx_HAL_Driver/Src/stm32f0xx_hal_cortex.o
 .debug_ranges  0x00000158       0x78 Drivers/STM32F0xx_HAL_Driver/Src/stm32f0xx_hal_dma.o
 .debug_ranges  0x000001d0       0x78 Drivers/STM32F0xx_HAL_Driver/Src/stm32f0xx_hal_flash.o
 .debug_ranges  0x00000248       0x88 Drivers/STM32F0xx_HAL_Driver/Src/stm32f0xx_hal_flash_ex.o
 .debug_ranges  0x000002d0       0x48 Drivers/STM32F0xx_HAL_Driver/Src/stm32f0xx_hal_gpio.o
 .debug_ranges  0x00000318       0x88 Drivers/STM32F0xx_HAL_Driver/Src/stm32f0xx_hal_rcc.o
 .debug_ranges  0x000003a0      0x368 Drivers/STM32F0xx_HAL_Driver/Src/stm32f0xx_hal_tim.o
 .debug_ranges  0x00000708      0x130 Drivers/STM32F0xx_HAL_Driver/Src/stm32f0xx_hal_tim_ex.o
 .debug_ranges  0x00000838      0x1c8 Drivers/STM32F0xx_HAL_Driver/Src/stm32f0xx_hal_uart.o
 .debug_ranges  0x00000a00      0x1c8 Middlewares/Third_Party/FreeRTOS/Source/CMSIS_RTOS/cmsis_os.o
 .debug_ranges  0x00000bc8       0x30 Middlewares/Third_Party/FreeRTOS/Source/list.o
 .debug_ranges  0x00000bf8      0x170 Middlewares/Third_Party/FreeRTOS/Source/queue.o
 .debug_ranges  0x00000d68      0x200 Middlewares/Third_Party/FreeRTOS/Source/tasks.o
 .debug_ranges  0x00000f68       0x78 Middlewares/Third_Party/FreeRTOS/Source/portable/GCC/ARM_CM0/port.o
 .debug_ranges  0x00000fe0       0x40 Middlewares/Third_Party/FreeRTOS/Source/portable/MemMang/heap_4.o
 .debug_ranges  0x00001020       0x28 Src/Sensor/sensor.o
 .debug_ranges  0x00001048       0x28 Src/flash/my_flash.o
 .debug_ranges  0x00001070       0x10 Src/freertos.o
 .debug_ranges  0x00001080       0x68 Src/main.o
 .debug_ranges  0x000010e8       0x20 Src/stm32f0xx_hal_msp.o
 .debug_ranges  0x00001108       0x20 Src/stm32f0xx_hal_timebase_tim.o
 .debug_ranges  0x00001128       0x28 Src/stm32f0xx_it.o
 .debug_ranges  0x00001150       0x18 Src/system_stm32f0xx.o
 .debug_ranges  0x00001168       0x30 Src/user.o
 .debug_ranges  0x00001198       0x20 startup/startup_stm32f030x8.o

.debug_macro    0x00000000    0x108fa
 .debug_macro   0x00000000      0x329 Drivers/STM32F0xx_HAL_Driver/Src/stm32f0xx_hal.o
 .debug_macro   0x00000329      0xa4e Drivers/STM32F0xx_HAL_Driver/Src/stm32f0xx_hal.o
 .debug_macro   0x00000d77       0xb1 Drivers/STM32F0xx_HAL_Driver/Src/stm32f0xx_hal.o
 .debug_macro   0x00000e28       0x2e Drivers/STM32F0xx_HAL_Driver/Src/stm32f0xx_hal.o
 .debug_macro   0x00000e56       0x22 Drivers/STM32F0xx_HAL_Driver/Src/stm32f0xx_hal.o
 .debug_macro   0x00000e78       0x22 Drivers/STM32F0xx_HAL_Driver/Src/stm32f0xx_hal.o
 .debug_macro   0x00000e9a       0x8e Drivers/STM32F0xx_HAL_Driver/Src/stm32f0xx_hal.o
 .debug_macro   0x00000f28       0x51 Drivers/STM32F0xx_HAL_Driver/Src/stm32f0xx_hal.o
 .debug_macro   0x00000f79       0xef Drivers/STM32F0xx_HAL_Driver/Src/stm32f0xx_hal.o
 .debug_macro   0x00001068       0x6a Drivers/STM32F0xx_HAL_Driver/Src/stm32f0xx_hal.o
 .debug_macro   0x000010d2      0x1df Drivers/STM32F0xx_HAL_Driver/Src/stm32f0xx_hal.o
 .debug_macro   0x000012b1       0x34 Drivers/STM32F0xx_HAL_Driver/Src/stm32f0xx_hal.o
 .debug_macro   0x000012e5       0x26 Drivers/STM32F0xx_HAL_Driver/Src/stm32f0xx_hal.o
 .debug_macro   0x0000130b      0x30d Drivers/STM32F0xx_HAL_Driver/Src/stm32f0xx_hal.o
 .debug_macro   0x00001618     0x6fa9 Drivers/STM32F0xx_HAL_Driver/Src/stm32f0xx_hal.o
 .debug_macro   0x000085c1       0x3c Drivers/STM32F0xx_HAL_Driver/Src/stm32f0xx_hal.o
 .debug_macro   0x000085fd       0x5e Drivers/STM32F0xx_HAL_Driver/Src/stm32f0xx_hal.o
 .debug_macro   0x0000865b       0x18 Drivers/STM32F0xx_HAL_Driver/Src/stm32f0xx_hal.o
 .debug_macro   0x00008673       0x35 Drivers/STM32F0xx_HAL_Driver/Src/stm32f0xx_hal.o
 .debug_macro   0x000086a8       0x34 Drivers/STM32F0xx_HAL_Driver/Src/stm32f0xx_hal.o
 .debug_macro   0x000086dc       0x16 Drivers/STM32F0xx_HAL_Driver/Src/stm32f0xx_hal.o
 .debug_macro   0x000086f2       0x97 Drivers/STM32F0xx_HAL_Driver/Src/stm32f0xx_hal.o
 .debug_macro   0x00008789      0x330 Drivers/STM32F0xx_HAL_Driver/Src/stm32f0xx_hal.o
 .debug_macro   0x00008ab9       0xfd Drivers/STM32F0xx_HAL_Driver/Src/stm32f0xx_hal.o
 .debug_macro   0x00008bb6       0x10 Drivers/STM32F0xx_HAL_Driver/Src/stm32f0xx_hal.o
 .debug_macro   0x00008bc6       0x58 Drivers/STM32F0xx_HAL_Driver/Src/stm32f0xx_hal.o
 .debug_macro   0x00008c1e       0x1f Drivers/STM32F0xx_HAL_Driver/Src/stm32f0xx_hal.o
 .debug_macro   0x00008c3d       0x43 Drivers/STM32F0xx_HAL_Driver/Src/stm32f0xx_hal.o
 .debug_macro   0x00008c80       0x20 Drivers/STM32F0xx_HAL_Driver/Src/stm32f0xx_hal.o
 .debug_macro   0x00008ca0      0x18e Drivers/STM32F0xx_HAL_Driver/Src/stm32f0xx_hal.o
 .debug_macro   0x00008e2e       0x10 Drivers/STM32F0xx_HAL_Driver/Src/stm32f0xx_hal.o
 .debug_macro   0x00008e3e       0x1c Drivers/STM32F0xx_HAL_Driver/Src/stm32f0xx_hal.o
 .debug_macro   0x00008e5a       0x52 Drivers/STM32F0xx_HAL_Driver/Src/stm32f0xx_hal.o
 .debug_macro   0x00008eac       0x40 Drivers/STM32F0xx_HAL_Driver/Src/stm32f0xx_hal.o
 .debug_macro   0x00008eec       0x10 Drivers/STM32F0xx_HAL_Driver/Src/stm32f0xx_hal.o
 .debug_macro   0x00008efc       0x40 Drivers/STM32F0xx_HAL_Driver/Src/stm32f0xx_hal.o
 .debug_macro   0x00008f3c       0xd7 Drivers/STM32F0xx_HAL_Driver/Src/stm32f0xx_hal.o
 .debug_macro   0x00009013       0x1c Drivers/STM32F0xx_HAL_Driver/Src/stm32f0xx_hal.o
 .debug_macro   0x0000902f       0x3d Drivers/STM32F0xx_HAL_Driver/Src/stm32f0xx_hal.o
 .debug_macro   0x0000906c       0x16 Drivers/STM32F0xx_HAL_Driver/Src/stm32f0xx_hal.o
 .debug_macro   0x00009082      0x16f Drivers/STM32F0xx_HAL_Driver/Src/stm32f0xx_hal.o
 .debug_macro   0x000091f1       0x49 Drivers/STM32F0xx_HAL_Driver/Src/stm32f0xx_hal.o
 .debug_macro   0x0000923a      0x92f Drivers/STM32F0xx_HAL_Driver/Src/stm32f0xx_hal.o
 .debug_macro   0x00009b69      0x180 Drivers/STM32F0xx_HAL_Driver/Src/stm32f0xx_hal.o
 .debug_macro   0x00009ce9      0x13a Drivers/STM32F0xx_HAL_Driver/Src/stm32f0xx_hal.o
 .debug_macro   0x00009e23       0xe5 Drivers/STM32F0xx_HAL_Driver/Src/stm32f0xx_hal.o
 .debug_macro   0x00009f08      0x1ed Drivers/STM32F0xx_HAL_Driver/Src/stm32f0xx_hal.o
 .debug_macro   0x0000a0f5       0x34 Drivers/STM32F0xx_HAL_Driver/Src/stm32f0xx_hal.o
 .debug_macro   0x0000a129       0x43 Drivers/STM32F0xx_HAL_Driver/Src/stm32f0xx_hal.o
 .debug_macro   0x0000a16c       0x28 Drivers/STM32F0xx_HAL_Driver/Src/stm32f0xx_hal.o
 .debug_macro   0x0000a194       0xb6 Drivers/STM32F0xx_HAL_Driver/Src/stm32f0xx_hal.o
 .debug_macro   0x0000a24a      0x199 Drivers/STM32F0xx_HAL_Driver/Src/stm32f0xx_hal.o
 .debug_macro   0x0000a3e3      0x202 Drivers/STM32F0xx_HAL_Driver/Src/stm32f0xx_hal.o
 .debug_macro   0x0000a5e5       0x61 Drivers/STM32F0xx_HAL_Driver/Src/stm32f0xx_hal.o
 .debug_macro   0x0000a646       0x90 Drivers/STM32F0xx_HAL_Driver/Src/stm32f0xx_hal.o
 .debug_macro   0x0000a6d6       0x4d Drivers/STM32F0xx_HAL_Driver/Src/stm32f0xx_hal.o
 .debug_macro   0x0000a723       0x2d Drivers/STM32F0xx_HAL_Driver/Src/stm32f0xx_hal.o
 .debug_macro   0x0000a750      0x845 Drivers/STM32F0xx_HAL_Driver/Src/stm32f0xx_hal.o
 .debug_macro   0x0000af95       0x45 Drivers/STM32F0xx_HAL_Driver/Src/stm32f0xx_hal.o
 .debug_macro   0x0000afda      0x37c Drivers/STM32F0xx_HAL_Driver/Src/stm32f0xx_hal.o
 .debug_macro   0x0000b356      0x156 Drivers/STM32F0xx_HAL_Driver/Src/stm32f0xx_hal.o
 .debug_macro   0x0000b4ac       0xf8 Drivers/STM32F0xx_HAL_Driver/Src/stm32f0xx_hal.o
 .debug_macro   0x0000b5a4      0x305 Drivers/STM32F0xx_HAL_Driver/Src/stm32f0xx_hal_cortex.o
 .debug_macro   0x0000b8a9      0x305 Drivers/STM32F0xx_HAL_Driver/Src/stm32f0xx_hal_dma.o
 .debug_macro   0x0000bbae      0x305 Drivers/STM32F0xx_HAL_Driver/Src/stm32f0xx_hal_flash.o
 .debug_macro   0x0000beb3      0x317 Drivers/STM32F0xx_HAL_Driver/Src/stm32f0xx_hal_flash_ex.o
 .debug_macro   0x0000c1ca      0x33d Drivers/STM32F0xx_HAL_Driver/Src/stm32f0xx_hal_gpio.o
 .debug_macro   0x0000c507      0x317 Drivers/STM32F0xx_HAL_Driver/Src/stm32f0xx_hal_rcc.o
 .debug_macro   0x0000c81e      0x305 Drivers/STM32F0xx_HAL_Driver/Src/stm32f0xx_hal_tim.o
 .debug_macro   0x0000cb23      0x305 Drivers/STM32F0xx_HAL_Driver/Src/stm32f0xx_hal_tim_ex.o
 .debug_macro   0x0000ce28      0x30d Drivers/STM32F0xx_HAL_Driver/Src/stm32f0xx_hal_uart.o
 .debug_macro   0x0000d135      0x1ed Middlewares/Third_Party/FreeRTOS/Source/CMSIS_RTOS/cmsis_os.o
 .debug_macro   0x0000d322       0x58 Middlewares/Third_Party/FreeRTOS/Source/CMSIS_RTOS/cmsis_os.o
 .debug_macro   0x0000d37a       0x94 Middlewares/Third_Party/FreeRTOS/Source/CMSIS_RTOS/cmsis_os.o
 .debug_macro   0x0000d40e      0x174 Middlewares/Third_Party/FreeRTOS/Source/CMSIS_RTOS/cmsis_os.o
 .debug_macro   0x0000d582       0x57 Middlewares/Third_Party/FreeRTOS/Source/CMSIS_RTOS/cmsis_os.o
 .debug_macro   0x0000d5d9       0x10 Middlewares/Third_Party/FreeRTOS/Source/CMSIS_RTOS/cmsis_os.o
 .debug_macro   0x0000d5e9       0x35 Middlewares/Third_Party/FreeRTOS/Source/CMSIS_RTOS/cmsis_os.o
 .debug_macro   0x0000d61e       0xbc Middlewares/Third_Party/FreeRTOS/Source/CMSIS_RTOS/cmsis_os.o
 .debug_macro   0x0000d6da      0x168 Middlewares/Third_Party/FreeRTOS/Source/CMSIS_RTOS/cmsis_os.o
 .debug_macro   0x0000d842       0xb6 Middlewares/Third_Party/FreeRTOS/Source/CMSIS_RTOS/cmsis_os.o
 .debug_macro   0x0000d8f8       0x10 Middlewares/Third_Party/FreeRTOS/Source/CMSIS_RTOS/cmsis_os.o
 .debug_macro   0x0000d908       0x1f Middlewares/Third_Party/FreeRTOS/Source/CMSIS_RTOS/cmsis_os.o
 .debug_macro   0x0000d927      0x416 Middlewares/Third_Party/FreeRTOS/Source/CMSIS_RTOS/cmsis_os.o
 .debug_macro   0x0000dd3d       0xc0 Middlewares/Third_Party/FreeRTOS/Source/CMSIS_RTOS/cmsis_os.o
 .debug_macro   0x0000ddfd       0x8c Middlewares/Third_Party/FreeRTOS/Source/CMSIS_RTOS/cmsis_os.o
 .debug_macro   0x0000de89       0x91 Middlewares/Third_Party/FreeRTOS/Source/CMSIS_RTOS/cmsis_os.o
 .debug_macro   0x0000df1a       0x94 Middlewares/Third_Party/FreeRTOS/Source/CMSIS_RTOS/cmsis_os.o
 .debug_macro   0x0000dfae       0x63 Middlewares/Third_Party/FreeRTOS/Source/CMSIS_RTOS/cmsis_os.o
 .debug_macro   0x0000e011       0x19 Middlewares/Third_Party/FreeRTOS/Source/CMSIS_RTOS/cmsis_os.o
 .debug_macro   0x0000e02a       0xcf Middlewares/Third_Party/FreeRTOS/Source/CMSIS_RTOS/cmsis_os.o
 .debug_macro   0x0000e0f9      0x17b Middlewares/Third_Party/FreeRTOS/Source/list.o
 .debug_macro   0x0000e274      0x201 Middlewares/Third_Party/FreeRTOS/Source/queue.o
 .debug_macro   0x0000e475       0x16 Middlewares/Third_Party/FreeRTOS/Source/queue.o
 .debug_macro   0x0000e48b      0x26b Middlewares/Third_Party/FreeRTOS/Source/tasks.o
 .debug_macro   0x0000e6f6       0x10 Middlewares/Third_Party/FreeRTOS/Source/tasks.o
 .debug_macro   0x0000e706      0x13d Middlewares/Third_Party/FreeRTOS/Source/portable/GCC/ARM_CM0/port.o
 .debug_macro   0x0000e843      0x1a2 Middlewares/Third_Party/FreeRTOS/Source/portable/MemMang/heap_4.o
 .debug_macro   0x0000e9e5      0x403 Src/Sensor/sensor.o
 .debug_macro   0x0000ede8       0x22 Src/Sensor/sensor.o
 .debug_macro   0x0000ee0a      0x309 Src/flash/my_flash.o
 .debug_macro   0x0000f113      0x372 Src/freertos.o
 .debug_macro   0x0000f485       0x3a Src/freertos.o
 .debug_macro   0x0000f4bf      0x3d0 Src/main.o
 .debug_macro   0x0000f88f      0x30f Src/stm32f0xx_hal_msp.o
 .debug_macro   0x0000fb9e      0x305 Src/stm32f0xx_hal_timebase_tim.o
 .debug_macro   0x0000fea3      0x382 Src/stm32f0xx_it.o
 .debug_macro   0x00010225      0x305 Src/system_stm32f0xx.o
 .debug_macro   0x0001052a      0x3d0 Src/user.o

.debug_line     0x00000000     0xf85e
 .debug_line    0x00000000      0x8b6 Drivers/STM32F0xx_HAL_Driver/Src/stm32f0xx_hal.o
 .debug_line    0x000008b6      0x8af Drivers/STM32F0xx_HAL_Driver/Src/stm32f0xx_hal_cortex.o
 .debug_line    0x00001165      0x98e Drivers/STM32F0xx_HAL_Driver/Src/stm32f0xx_hal_dma.o
 .debug_line    0x00001af3      0x912 Drivers/STM32F0xx_HAL_Driver/Src/stm32f0xx_hal_flash.o
 .debug_line    0x00002405      0x98d Drivers/STM32F0xx_HAL_Driver/Src/stm32f0xx_hal_flash_ex.o
 .debug_line    0x00002d92      0x893 Drivers/STM32F0xx_HAL_Driver/Src/stm32f0xx_hal_gpio.o
 .debug_line    0x00003625      0x9c8 Drivers/STM32F0xx_HAL_Driver/Src/stm32f0xx_hal_rcc.o
 .debug_line    0x00003fed     0x18a3 Drivers/STM32F0xx_HAL_Driver/Src/stm32f0xx_hal_tim.o
 .debug_line    0x00005890      0xd04 Drivers/STM32F0xx_HAL_Driver/Src/stm32f0xx_hal_tim_ex.o
 .debug_line    0x00006594     0x10ff Drivers/STM32F0xx_HAL_Driver/Src/stm32f0xx_hal_uart.o
 .debug_line    0x00007693      0xba3 Middlewares/Third_Party/FreeRTOS/Source/CMSIS_RTOS/cmsis_os.o
 .debug_line    0x00008236      0x548 Middlewares/Third_Party/FreeRTOS/Source/list.o
 .debug_line    0x0000877e      0x9a0 Middlewares/Third_Party/FreeRTOS/Source/queue.o
 .debug_line    0x0000911e      0xdec Middlewares/Third_Party/FreeRTOS/Source/tasks.o
 .debug_line    0x00009f0a      0x57b Middlewares/Third_Party/FreeRTOS/Source/portable/GCC/ARM_CM0/port.o
 .debug_line    0x0000a485      0x5f5 Middlewares/Third_Party/FreeRTOS/Source/portable/MemMang/heap_4.o
 .debug_line    0x0000aa7a      0x9e9 Src/Sensor/sensor.o
 .debug_line    0x0000b463      0x811 Src/flash/my_flash.o
 .debug_line    0x0000bc74      0x872 Src/freertos.o
 .debug_line    0x0000c4e6      0xa4e Src/main.o
 .debug_line    0x0000cf34      0x799 Src/stm32f0xx_hal_msp.o
 .debug_line    0x0000d6cd      0x772 Src/stm32f0xx_hal_timebase_tim.o
 .debug_line    0x0000de3f      0x8be Src/stm32f0xx_it.o
 .debug_line    0x0000e6fd      0x76f Src/system_stm32f0xx.o
 .debug_line    0x0000ee6c      0x96f Src/user.o
 .debug_line    0x0000f7db       0x83 startup/startup_stm32f030x8.o

.debug_str      0x00000000    0x51506
 .debug_str     0x00000000    0x46806 Drivers/STM32F0xx_HAL_Driver/Src/stm32f0xx_hal.o
                              0x46aba (size before relaxing)
 .debug_str     0x00046806      0x1ef Drivers/STM32F0xx_HAL_Driver/Src/stm32f0xx_hal_cortex.o
                              0x46968 (size before relaxing)
 .debug_str     0x000469f5      0x3f4 Drivers/STM32F0xx_HAL_Driver/Src/stm32f0xx_hal_dma.o
                              0x4699c (size before relaxing)
 .debug_str     0x00046de9      0x2a1 Drivers/STM32F0xx_HAL_Driver/Src/stm32f0xx_hal_flash.o
                              0x4688f (size before relaxing)
 .debug_str     0x0004708a      0x2ff Drivers/STM32F0xx_HAL_Driver/Src/stm32f0xx_hal_flash_ex.o
                              0x469f0 (size before relaxing)
 .debug_str     0x00047389      0x289 Drivers/STM32F0xx_HAL_Driver/Src/stm32f0xx_hal_gpio.o
                              0x4685a (size before relaxing)
 .debug_str     0x00047612      0x331 Drivers/STM32F0xx_HAL_Driver/Src/stm32f0xx_hal_rcc.o
                              0x469be (size before relaxing)
 .debug_str     0x00047943      0xf54 Drivers/STM32F0xx_HAL_Driver/Src/stm32f0xx_hal_tim.o
                              0x47708 (size before relaxing)
 .debug_str     0x00048897      0x50d Drivers/STM32F0xx_HAL_Driver/Src/stm32f0xx_hal_tim_ex.o
                              0x46f7a (size before relaxing)
 .debug_str     0x00048da4      0x8e6 Drivers/STM32F0xx_HAL_Driver/Src/stm32f0xx_hal_uart.o
                              0x47154 (size before relaxing)
 .debug_str     0x0004968a     0x59ef Middlewares/Third_Party/FreeRTOS/Source/CMSIS_RTOS/cmsis_os.o
                               0xc5f5 (size before relaxing)
 .debug_str     0x0004f079      0x234 Middlewares/Third_Party/FreeRTOS/Source/list.o
                               0x9882 (size before relaxing)
 .debug_str     0x0004f2ad      0x6c4 Middlewares/Third_Party/FreeRTOS/Source/queue.o
                               0xae94 (size before relaxing)
 .debug_str     0x0004f971      0xf6b Middlewares/Third_Party/FreeRTOS/Source/tasks.o
                               0xb928 (size before relaxing)
 .debug_str     0x000508dc      0x3e1 Middlewares/Third_Party/FreeRTOS/Source/portable/GCC/ARM_CM0/port.o
                               0x75b1 (size before relaxing)
 .debug_str     0x00050cbd      0x243 Middlewares/Third_Party/FreeRTOS/Source/portable/MemMang/heap_4.o
                               0x9fa3 (size before relaxing)
 .debug_str     0x00050f00      0x1a5 Src/Sensor/sensor.o
                              0x4badb (size before relaxing)
 .debug_str     0x000510a5       0xa0 Src/flash/my_flash.o
                              0x466a0 (size before relaxing)
 .debug_str     0x00051145       0x12 Src/freertos.o
                              0x49757 (size before relaxing)
 .debug_str     0x00051157      0x200 Src/main.o
                              0x4c2ff (size before relaxing)
 .debug_str     0x00051357       0x1b Src/stm32f0xx_hal_msp.o
                              0x46cba (size before relaxing)
 .debug_str     0x00051372       0x50 Src/stm32f0xx_hal_timebase_tim.o
                              0x46c21 (size before relaxing)
 .debug_str     0x000513c2       0x56 Src/stm32f0xx_it.o
                              0x49b67 (size before relaxing)
 .debug_str     0x00051418       0x5a Src/system_stm32f0xx.o
                              0x465b3 (size before relaxing)
 .debug_str     0x00051472       0x65 Src/user.o
                              0x4ba64 (size before relaxing)
 .debug_str     0x000514d7       0x2f startup/startup_stm32f030x8.o
                                 0x54 (size before relaxing)

.comment        0x00000000       0x7f
 .comment       0x00000000       0x7f Drivers/STM32F0xx_HAL_Driver/Src/stm32f0xx_hal.o
                                 0x80 (size before relaxing)
 .comment       0x0000007f       0x80 Drivers/STM32F0xx_HAL_Driver/Src/stm32f0xx_hal_cortex.o
 .comment       0x0000007f       0x80 Drivers/STM32F0xx_HAL_Driver/Src/stm32f0xx_hal_dma.o
 .comment       0x0000007f       0x80 Drivers/STM32F0xx_HAL_Driver/Src/stm32f0xx_hal_flash.o
 .comment       0x0000007f       0x80 Drivers/STM32F0xx_HAL_Driver/Src/stm32f0xx_hal_flash_ex.o
 .comment       0x0000007f       0x80 Drivers/STM32F0xx_HAL_Driver/Src/stm32f0xx_hal_gpio.o
 .comment       0x0000007f       0x80 Drivers/STM32F0xx_HAL_Driver/Src/stm32f0xx_hal_rcc.o
 .comment       0x0000007f       0x80 Drivers/STM32F0xx_HAL_Driver/Src/stm32f0xx_hal_tim.o
 .comment       0x0000007f       0x80 Drivers/STM32F0xx_HAL_Driver/Src/stm32f0xx_hal_tim_ex.o
 .comment       0x0000007f       0x80 Drivers/STM32F0xx_HAL_Driver/Src/stm32f0xx_hal_uart.o
 .comment       0x0000007f       0x80 Middlewares/Third_Party/FreeRTOS/Source/CMSIS_RTOS/cmsis_os.o
 .comment       0x0000007f       0x80 Middlewares/Third_Party/FreeRTOS/Source/list.o
 .comment       0x0000007f       0x80 Middlewares/Third_Party/FreeRTOS/Source/queue.o
 .comment       0x0000007f       0x80 Middlewares/Third_Party/FreeRTOS/Source/tasks.o
 .comment       0x0000007f       0x80 Middlewares/Third_Party/FreeRTOS/Source/portable/GCC/ARM_CM0/port.o
 .comment       0x0000007f       0x80 Middlewares/Third_Party/FreeRTOS/Source/portable/MemMang/heap_4.o
 .comment       0x0000007f       0x80 Src/Sensor/sensor.o
 .comment       0x0000007f       0x80 Src/flash/my_flash.o
 .comment       0x0000007f       0x80 Src/freertos.o
 .comment       0x0000007f       0x80 Src/main.o
 .comment       0x0000007f       0x80 Src/stm32f0xx_hal_msp.o
 .comment       0x0000007f       0x80 Src/stm32f0xx_hal_timebase_tim.o
 .comment       0x0000007f       0x80 Src/stm32f0xx_it.o
 .comment       0x0000007f       0x80 Src/system_stm32f0xx.o
 .comment       0x0000007f       0x80 Src/user.o

.debug_frame    0x00000000     0x2df8
 .debug_frame   0x00000000      0x174 Drivers/STM32F0xx_HAL_Driver/Src/stm32f0xx_hal.o
 .debug_frame   0x00000174       0xe4 Drivers/STM32F0xx_HAL_Driver/Src/stm32f0xx_hal_cortex.o
 .debug_frame   0x00000258      0x168 Drivers/STM32F0xx_HAL_Driver/Src/stm32f0xx_hal_dma.o
 .debug_frame   0x000003c0      0x140 Drivers/STM32F0xx_HAL_Driver/Src/stm32f0xx_hal_flash.o
 .debug_frame   0x00000500      0x180 Drivers/STM32F0xx_HAL_Driver/Src/stm32f0xx_hal_flash_ex.o
 .debug_frame   0x00000680       0xcc Drivers/STM32F0xx_HAL_Driver/Src/stm32f0xx_hal_gpio.o
 .debug_frame   0x0000074c      0x12c Drivers/STM32F0xx_HAL_Driver/Src/stm32f0xx_hal_rcc.o
 .debug_frame   0x00000878      0x9cc Drivers/STM32F0xx_HAL_Driver/Src/stm32f0xx_hal_tim.o
 .debug_frame   0x00001244      0x384 Drivers/STM32F0xx_HAL_Driver/Src/stm32f0xx_hal_tim_ex.o
 .debug_frame   0x000015c8      0x4f4 Drivers/STM32F0xx_HAL_Driver/Src/stm32f0xx_hal_uart.o
 .debug_frame   0x00001abc      0x538 Middlewares/Third_Party/FreeRTOS/Source/CMSIS_RTOS/cmsis_os.o
 .debug_frame   0x00001ff4       0x6c Middlewares/Third_Party/FreeRTOS/Source/list.o
 .debug_frame   0x00002060      0x28c Middlewares/Third_Party/FreeRTOS/Source/queue.o
 .debug_frame   0x000022ec      0x490 Middlewares/Third_Party/FreeRTOS/Source/tasks.o
 .debug_frame   0x0000277c      0x110 Middlewares/Third_Party/FreeRTOS/Source/portable/GCC/ARM_CM0/port.o
 .debug_frame   0x0000288c       0xa8 Middlewares/Third_Party/FreeRTOS/Source/portable/MemMang/heap_4.o
 .debug_frame   0x00002934       0x70 Src/Sensor/sensor.o
 .debug_frame   0x000029a4       0x78 Src/flash/my_flash.o
 .debug_frame   0x00002a1c       0x20 Src/freertos.o
 .debug_frame   0x00002a3c      0x13c Src/main.o
 .debug_frame   0x00002b78       0x5c Src/stm32f0xx_hal_msp.o
 .debug_frame   0x00002bd4       0x48 Src/stm32f0xx_hal_timebase_tim.o
 .debug_frame   0x00002c1c       0x60 Src/stm32f0xx_it.o
 .debug_frame   0x00002c7c       0x38 Src/system_stm32f0xx.o
 .debug_frame   0x00002cb4       0x88 Src/user.o
 .debug_frame   0x00002d3c       0x20 c:/ac6/systemworkbench/plugins/fr.ac6.mcu.externaltools.arm-none.win32_1.17.0.201812190825/tools/compiler/bin/../lib/gcc/arm-none-eabi/7.3.1/thumb/v6-m\libgcc.a(_udivsi3.o)
 .debug_frame   0x00002d5c       0x2c c:/ac6/systemworkbench/plugins/fr.ac6.mcu.externaltools.arm-none.win32_1.17.0.201812190825/tools/compiler/bin/../lib/gcc/arm-none-eabi/7.3.1/../../../../arm-none-eabi/lib/thumb/v6-m\libc_nano.a(lib_a-init.o)
 .debug_frame   0x00002d88       0x28 c:/ac6/systemworkbench/plugins/fr.ac6.mcu.externaltools.arm-none.win32_1.17.0.201812190825/tools/compiler/bin/../lib/gcc/arm-none-eabi/7.3.1/../../../../arm-none-eabi/lib/thumb/v6-m\libc_nano.a(lib_a-memcpy-stub.o)
 .debug_frame   0x00002db0       0x20 c:/ac6/systemworkbench/plugins/fr.ac6.mcu.externaltools.arm-none.win32_1.17.0.201812190825/tools/compiler/bin/../lib/gcc/arm-none-eabi/7.3.1/../../../../arm-none-eabi/lib/thumb/v6-m\libc_nano.a(lib_a-memset.o)
 .debug_frame   0x00002dd0       0x28 c:/ac6/systemworkbench/plugins/fr.ac6.mcu.externaltools.arm-none.win32_1.17.0.201812190825/tools/compiler/bin/../lib/gcc/arm-none-eabi/7.3.1/../../../../arm-none-eabi/lib/thumb/v6-m\libc_nano.a(lib_a-strstr.o)
